[Thu Jul 16 10:35:08 2026] Linux version 6.8.0-1059-azure (buildd@lcy02-amd64-052) (x86_64-linux-gnu-gcc-11 (Ubuntu 11.4.0-1ubuntu1~22.04.3) 11.4.0, GNU ld (GNU Binutils for Ubuntu) 2.38) #65~22.04.1-Ubuntu SMP Thu May 28 16:59:19 UTC 2026 (Ubuntu 6.8.0-1059.65~22.04.1-azure 6.8.12)
[Thu Jul 16 10:35:08 2026] Command line: BOOT_IMAGE=/boot/vmlinuz-6.8.0-1059-azure root=PARTUUID=6f8e6351-fe04-4692-a924-c14b848a0bc0 ro console=tty1 console=ttyS0 earlyprintk=ttyS0 nvme_core.io_timeout=240 panic=-1
[Thu Jul 16 10:35:08 2026] KERNEL supported cpus:
[Thu Jul 16 10:35:08 2026]   Intel GenuineIntel
[Thu Jul 16 10:35:08 2026]   AMD AuthenticAMD
[Thu Jul 16 10:35:08 2026]   Hygon HygonGenuine
[Thu Jul 16 10:35:08 2026]   Centaur CentaurHauls
[Thu Jul 16 10:35:08 2026]   zhaoxin   Shanghai  
[Thu Jul 16 10:35:08 2026] BIOS-provided physical RAM map:
[Thu Jul 16 10:35:08 2026] BIOS-e820: [mem 0x0000000000000000-0x000000000009ffff] usable
[Thu Jul 16 10:35:08 2026] BIOS-e820: [mem 0x00000000000c0000-0x00000000000fffff] reserved
[Thu Jul 16 10:35:08 2026] BIOS-e820: [mem 0x0000000000100000-0x00000000044fdfff] usable
[Thu Jul 16 10:35:08 2026] BIOS-e820: [mem 0x00000000044fe000-0x00000000048fdfff] reserved
[Thu Jul 16 10:35:08 2026] BIOS-e820: [mem 0x00000000048fe000-0x000000003ff1efff] usable
[Thu Jul 16 10:35:08 2026] BIOS-e820: [mem 0x000000003ff1f000-0x000000003ffc8fff] reserved
[Thu Jul 16 10:35:08 2026] BIOS-e820: [mem 0x000000003ffc9000-0x000000003fffafff] ACPI data
[Thu Jul 16 10:35:08 2026] BIOS-e820: [mem 0x000000003fffb000-0x000000003fffefff] ACPI NVS
[Thu Jul 16 10:35:08 2026] BIOS-e820: [mem 0x000000003ffff000-0x000000003fffffff] usable
[Thu Jul 16 10:35:08 2026] BIOS-e820: [mem 0x0000000100000000-0x00000004bfffffff] usable
[Thu Jul 16 10:35:08 2026] printk: legacy bootconsole [earlyser0] enabled
[Thu Jul 16 10:35:08 2026] NX (Execute Disable) protection: active
[Thu Jul 16 10:35:08 2026] APIC: Static calls initialized
[Thu Jul 16 10:35:08 2026] efi: EFI v2.7 by Microsoft
[Thu Jul 16 10:35:08 2026] efi: ACPI=0x3fffa000 ACPI 2.0=0x3fffa014 SMBIOS=0x3ff88000 SMBIOS 3.0=0x3ff86000 MEMATTR=0x3f1f7298 MOKvar=0x3ff83000 RNG=0x3ffd2018 
[Thu Jul 16 10:35:08 2026] random: crng init done
[Thu Jul 16 10:35:08 2026] secureboot: Secure boot disabled
[Thu Jul 16 10:35:08 2026] SMBIOS 3.1.0 present.
[Thu Jul 16 10:35:08 2026] DMI: Microsoft Corporation Virtual Machine/Virtual Machine, BIOS Hyper-V UEFI Release v4.1 04/22/2026
[Thu Jul 16 10:35:08 2026] Hypervisor detected: Microsoft Hyper-V
[Thu Jul 16 10:35:08 2026] Hyper-V: privilege flags low 0xae7f, high 0x3b8030, hints 0x140c2c, misc 0xc0bed7b2
[Thu Jul 16 10:35:08 2026] Hyper-V: HV timer won't be used due to unstable TSC
[Thu Jul 16 10:35:08 2026] Hyper-V: Host Build 10.0.26102.3608-3-0
[Thu Jul 16 10:35:08 2026] Hyper-V: Nested features: 0x4a0000
[Thu Jul 16 10:35:08 2026] Hyper-V: LAPIC Timer Frequency: 0x30d40
[Thu Jul 16 10:35:08 2026] Hyper-V: Using hypercall for remote TLB flush
[Thu Jul 16 10:35:08 2026] clocksource: hyperv_clocksource_tsc_page: mask: 0xffffffffffffffff max_cycles: 0x24e6a1710, max_idle_ns: 440795202120 ns
[Thu Jul 16 10:35:08 2026] clocksource: hyperv_clocksource_msr: mask: 0xffffffffffffffff max_cycles: 0x24e6a1710, max_idle_ns: 440795202120 ns
[Thu Jul 16 10:35:08 2026] tsc: Detected 2445.425 MHz processor
[Thu Jul 16 10:35:08 2026] e820: update [mem 0x00000000-0x00000fff] usable ==> reserved
[Thu Jul 16 10:35:08 2026] e820: remove [mem 0x000a0000-0x000fffff] usable
[Thu Jul 16 10:35:08 2026] last_pfn = 0x4c0000 max_arch_pfn = 0x400000000
[Thu Jul 16 10:35:08 2026] MTRR map: 4 entries (2 fixed + 2 variable; max 18), built from 8 variable MTRRs
[Thu Jul 16 10:35:08 2026] x86/PAT: Configuration [0-7]: WB  WC  UC- UC  WB  WP  UC- WT  
[Thu Jul 16 10:35:08 2026] e820: update [mem 0x40000000-0xffffffff] usable ==> reserved
[Thu Jul 16 10:35:08 2026] last_pfn = 0x40000 max_arch_pfn = 0x400000000
[Thu Jul 16 10:35:08 2026] Using GB pages for direct mapping
[Thu Jul 16 10:35:08 2026] secureboot: Secure boot disabled
[Thu Jul 16 10:35:08 2026] ACPI: Early table checksum verification disabled
[Thu Jul 16 10:35:08 2026] ACPI: RSDP 0x000000003FFFA014 000024 (v02 VRTUAL)
[Thu Jul 16 10:35:08 2026] ACPI: XSDT 0x000000003FFF90E8 00005C (v01 VRTUAL MICROSFT 00000001 MSFT 00000001)
[Thu Jul 16 10:35:08 2026] ACPI: FACP 0x000000003FFF8000 000114 (v06 VRTUAL MICROSFT 00000001 MSFT 00000001)
[Thu Jul 16 10:35:08 2026] ACPI: DSDT 0x000000003FFD6000 01E22B (v02 MSFTVM DSDT01   00000001 INTL 20230628)
[Thu Jul 16 10:35:08 2026] ACPI: FACS 0x000000003FFFE000 000040
[Thu Jul 16 10:35:08 2026] ACPI: OEM0 0x000000003FFF7000 000064 (v01 VRTUAL MICROSFT 00000001 MSFT 00000001)
[Thu Jul 16 10:35:08 2026] ACPI: SPCR 0x000000003FFF6000 000050 (v02 VRTUAL MICROSFT 00000001 MSFT 00000001)
[Thu Jul 16 10:35:08 2026] ACPI: WAET 0x000000003FFF5000 000028 (v01 VRTUAL MICROSFT 00000001 MSFT 00000001)
[Thu Jul 16 10:35:08 2026] ACPI: APIC 0x000000003FFD5000 000068 (v04 VRTUAL MICROSFT 00000001 MSFT 00000001)
[Thu Jul 16 10:35:08 2026] ACPI: SRAT 0x000000003FFD4000 000250 (v02 VRTUAL MICROSFT 00000001 MSFT 00000001)
[Thu Jul 16 10:35:08 2026] ACPI: BGRT 0x000000003FFD3000 000038 (v01 VRTUAL MICROSFT 00000001 MSFT 00000001)
[Thu Jul 16 10:35:08 2026] ACPI: Reserving FACP table memory at [mem 0x3fff8000-0x3fff8113]
[Thu Jul 16 10:35:08 2026] ACPI: Reserving DSDT table memory at [mem 0x3ffd6000-0x3fff422a]
[Thu Jul 16 10:35:08 2026] ACPI: Reserving FACS table memory at [mem 0x3fffe000-0x3fffe03f]
[Thu Jul 16 10:35:08 2026] ACPI: Reserving OEM0 table memory at [mem 0x3fff7000-0x3fff7063]
[Thu Jul 16 10:35:08 2026] ACPI: Reserving SPCR table memory at [mem 0x3fff6000-0x3fff604f]
[Thu Jul 16 10:35:08 2026] ACPI: Reserving WAET table memory at [mem 0x3fff5000-0x3fff5027]
[Thu Jul 16 10:35:08 2026] ACPI: Reserving APIC table memory at [mem 0x3ffd5000-0x3ffd5067]
[Thu Jul 16 10:35:08 2026] ACPI: Reserving SRAT table memory at [mem 0x3ffd4000-0x3ffd424f]
[Thu Jul 16 10:35:08 2026] ACPI: Reserving BGRT table memory at [mem 0x3ffd3000-0x3ffd3037]
[Thu Jul 16 10:35:08 2026] SRAT: PXM 0 -> APIC 0x00 -> Node 0
[Thu Jul 16 10:35:08 2026] SRAT: PXM 0 -> APIC 0x01 -> Node 0
[Thu Jul 16 10:35:08 2026] SRAT: PXM 0 -> APIC 0x02 -> Node 0
[Thu Jul 16 10:35:08 2026] SRAT: PXM 0 -> APIC 0x03 -> Node 0
[Thu Jul 16 10:35:08 2026] ACPI: SRAT: Node 0 PXM 0 [mem 0x00000000-0x3fffffff] hotplug
[Thu Jul 16 10:35:08 2026] ACPI: SRAT: Node 0 PXM 0 [mem 0x100000000-0x4bfffffff] hotplug
[Thu Jul 16 10:35:08 2026] ACPI: SRAT: Node 0 PXM 0 [mem 0x4c0000000-0xfbfffffff] hotplug
[Thu Jul 16 10:35:08 2026] ACPI: SRAT: Node 0 PXM 0 [mem 0x1000000000-0xfcffffffff] hotplug
[Thu Jul 16 10:35:08 2026] ACPI: SRAT: Node 0 PXM 0 [mem 0x10000000000-0x1ffffffffff] hotplug
[Thu Jul 16 10:35:08 2026] ACPI: SRAT: Node 0 PXM 0 [mem 0x20000000000-0x3ffffffffff] hotplug
[Thu Jul 16 10:35:08 2026] ACPI: SRAT: Node 0 PXM 0 [mem 0x40000000000-0x7ffffffffff] hotplug
[Thu Jul 16 10:35:08 2026] ACPI: SRAT: Node 0 PXM 0 [mem 0x80000000000-0xfffffffffff] hotplug
[Thu Jul 16 10:35:08 2026] ACPI: SRAT: Node 0 PXM 0 [mem 0x100000000000-0x1fffffffffff] hotplug
[Thu Jul 16 10:35:08 2026] ACPI: SRAT: Node 0 PXM 0 [mem 0x200000000000-0x3fffffffffff] hotplug
[Thu Jul 16 10:35:08 2026] ACPI: SRAT: Node 0 PXM 0 [mem 0x400000000000-0x7fffffffffff] hotplug
[Thu Jul 16 10:35:08 2026] ACPI: SRAT: Node 0 PXM 0 [mem 0x800000000000-0xffffffffffff] hotplug
[Thu Jul 16 10:35:08 2026] NUMA: Node 0 [mem 0x00000000-0x3fffffff] + [mem 0x100000000-0x4bfffffff] -> [mem 0x00000000-0x4bfffffff]
[Thu Jul 16 10:35:08 2026] NODE_DATA(0) allocated [mem 0x4bffd5000-0x4bfffffff]
[Thu Jul 16 10:35:08 2026] Zone ranges:
[Thu Jul 16 10:35:08 2026]   DMA      [mem 0x0000000000001000-0x0000000000ffffff]
[Thu Jul 16 10:35:08 2026]   DMA32    [mem 0x0000000001000000-0x00000000ffffffff]
[Thu Jul 16 10:35:08 2026]   Normal   [mem 0x0000000100000000-0x00000004bfffffff]
[Thu Jul 16 10:35:08 2026]   Device   empty
[Thu Jul 16 10:35:08 2026] Movable zone start for each node
[Thu Jul 16 10:35:08 2026] Early memory node ranges
[Thu Jul 16 10:35:08 2026]   node   0: [mem 0x0000000000001000-0x000000000009ffff]
[Thu Jul 16 10:35:08 2026]   node   0: [mem 0x0000000000100000-0x00000000044fdfff]
[Thu Jul 16 10:35:08 2026]   node   0: [mem 0x00000000048fe000-0x000000003ff1efff]
[Thu Jul 16 10:35:08 2026]   node   0: [mem 0x000000003ffff000-0x000000003fffffff]
[Thu Jul 16 10:35:08 2026]   node   0: [mem 0x0000000100000000-0x00000004bfffffff]
[Thu Jul 16 10:35:08 2026] Initmem setup node 0 [mem 0x0000000000001000-0x00000004bfffffff]
[Thu Jul 16 10:35:08 2026] On node 0, zone DMA: 1 pages in unavailable ranges
[Thu Jul 16 10:35:08 2026] On node 0, zone DMA: 96 pages in unavailable ranges
[Thu Jul 16 10:35:08 2026] On node 0, zone DMA32: 1024 pages in unavailable ranges
[Thu Jul 16 10:35:08 2026] On node 0, zone DMA32: 224 pages in unavailable ranges
[Thu Jul 16 10:35:08 2026] ACPI: PM-Timer IO Port: 0x408
[Thu Jul 16 10:35:08 2026] ACPI: LAPIC_NMI (acpi_id[0x01] dfl dfl lint[0x1])
[Thu Jul 16 10:35:08 2026] IOAPIC[0]: apic_id 4, version 17, address 0xfec00000, GSI 0-23
[Thu Jul 16 10:35:08 2026] ACPI: INT_SRC_OVR (bus 0 bus_irq 9 global_irq 9 high level)
[Thu Jul 16 10:35:08 2026] ACPI: Using ACPI (MADT) for SMP configuration information
[Thu Jul 16 10:35:08 2026] ACPI: SPCR: console: uart,io,0x3f8,115200
[Thu Jul 16 10:35:08 2026] smpboot: Allowing 4 CPUs, 0 hotplug CPUs
[Thu Jul 16 10:35:08 2026] PM: hibernation: Registered nosave memory: [mem 0x00000000-0x00000fff]
[Thu Jul 16 10:35:08 2026] PM: hibernation: Registered nosave memory: [mem 0x000a0000-0x000fffff]
[Thu Jul 16 10:35:08 2026] PM: hibernation: Registered nosave memory: [mem 0x044fe000-0x048fdfff]
[Thu Jul 16 10:35:08 2026] PM: hibernation: Registered nosave memory: [mem 0x3ff1f000-0x3fffefff]
[Thu Jul 16 10:35:08 2026] PM: hibernation: Registered nosave memory: [mem 0x40000000-0xffffffff]
[Thu Jul 16 10:35:08 2026] [mem 0x40000000-0xffffffff] available for PCI devices
[Thu Jul 16 10:35:08 2026] Booting paravirtualized kernel on Hyper-V
[Thu Jul 16 10:35:08 2026] clocksource: refined-jiffies: mask: 0xffffffff max_cycles: 0xffffffff, max_idle_ns: 1910969940391419 ns
[Thu Jul 16 10:35:08 2026] setup_percpu: NR_CPUS:8192 nr_cpumask_bits:4 nr_cpu_ids:4 nr_node_ids:1
[Thu Jul 16 10:35:08 2026] percpu: Embedded 84 pages/cpu s221184 r8192 d114688 u524288
[Thu Jul 16 10:35:08 2026] pcpu-alloc: s221184 r8192 d114688 u524288 alloc=1*2097152
[Thu Jul 16 10:35:08 2026] pcpu-alloc: [0] 0 1 2 3 
[Thu Jul 16 10:35:08 2026] Hyper-V: PV spinlocks enabled
[Thu Jul 16 10:35:08 2026] PV qspinlock hash table entries: 256 (order: 0, 4096 bytes, linear)
[Thu Jul 16 10:35:08 2026] Kernel command line: BOOT_IMAGE=/boot/vmlinuz-6.8.0-1059-azure root=PARTUUID=6f8e6351-fe04-4692-a924-c14b848a0bc0 ro console=tty1 console=ttyS0 earlyprintk=ttyS0 nvme_core.io_timeout=240 panic=-1
[Thu Jul 16 10:35:08 2026] Dentry cache hash table entries: 2097152 (order: 12, 16777216 bytes, linear)
[Thu Jul 16 10:35:08 2026] Inode-cache hash table entries: 1048576 (order: 11, 8388608 bytes, linear)
[Thu Jul 16 10:35:08 2026] Fallback order for Node 0: 0 
[Thu Jul 16 10:35:08 2026] Built 1 zonelists, mobility grouping on.  Total pages: 4125705
[Thu Jul 16 10:35:08 2026] Policy zone: Normal
[Thu Jul 16 10:35:08 2026] mem auto-init: stack:off, heap alloc:on, heap free:off
[Thu Jul 16 10:35:08 2026] software IO TLB: area num 4.
[Thu Jul 16 10:35:08 2026] Memory: 16347072K/16771836K available (20480K kernel code, 4340K rwdata, 13624K rodata, 4688K init, 5128K bss, 424504K reserved, 0K cma-reserved)
[Thu Jul 16 10:35:08 2026] SLUB: HWalign=64, Order=0-3, MinObjects=0, CPUs=4, Nodes=1
[Thu Jul 16 10:35:08 2026] ftrace: allocating 57213 entries in 224 pages
[Thu Jul 16 10:35:08 2026] ftrace: allocated 224 pages with 3 groups
[Thu Jul 16 10:35:08 2026] rcu: Hierarchical RCU implementation.
[Thu Jul 16 10:35:08 2026] rcu: 	RCU restricting CPUs from NR_CPUS=8192 to nr_cpu_ids=4.
[Thu Jul 16 10:35:08 2026] 	Rude variant of Tasks RCU enabled.
[Thu Jul 16 10:35:08 2026] 	Tracing variant of Tasks RCU enabled.
[Thu Jul 16 10:35:08 2026] rcu: RCU calculated value of scheduler-enlistment delay is 100 jiffies.
[Thu Jul 16 10:35:08 2026] rcu: Adjusting geometry for rcu_fanout_leaf=16, nr_cpu_ids=4
[Thu Jul 16 10:35:08 2026] RCU Tasks Rude: Setting shift to 2 and lim to 1 rcu_task_cb_adjust=1 rcu_task_cpu_ids=4.
[Thu Jul 16 10:35:08 2026] RCU Tasks Trace: Setting shift to 2 and lim to 1 rcu_task_cb_adjust=1 rcu_task_cpu_ids=4.
[Thu Jul 16 10:35:08 2026] Using NULL legacy PIC
[Thu Jul 16 10:35:08 2026] NR_IRQS: 524544, nr_irqs: 456, preallocated irqs: 0
[Thu Jul 16 10:35:08 2026] rcu: srcu_init: Setting srcu_struct sizes based on contention.
[Thu Jul 16 10:35:08 2026] Console: colour dummy device 80x25
[Thu Jul 16 10:35:08 2026] printk: legacy console [tty1] enabled
[Thu Jul 16 10:35:08 2026] printk: legacy console [ttyS0] enabled
[Thu Jul 16 10:35:08 2026] printk: legacy bootconsole [earlyser0] disabled
[Thu Jul 16 10:35:08 2026] ACPI: Core revision 20230628
[Thu Jul 16 10:35:08 2026] Failed to register legacy timer interrupt
[Thu Jul 16 10:35:08 2026] APIC: Switch to symmetric I/O mode setup
[Thu Jul 16 10:35:08 2026] Hyper-V: enabling crash_kexec_post_notifiers
[Thu Jul 16 10:35:08 2026] Hyper-V: Using IPI hypercalls
[Thu Jul 16 10:35:08 2026] APIC: send_IPI() replaced with hv_send_ipi()
[Thu Jul 16 10:35:08 2026] APIC: send_IPI_mask() replaced with hv_send_ipi_mask()
[Thu Jul 16 10:35:08 2026] APIC: send_IPI_mask_allbutself() replaced with hv_send_ipi_mask_allbutself()
[Thu Jul 16 10:35:08 2026] APIC: send_IPI_allbutself() replaced with hv_send_ipi_allbutself()
[Thu Jul 16 10:35:08 2026] APIC: send_IPI_all() replaced with hv_send_ipi_all()
[Thu Jul 16 10:35:08 2026] APIC: send_IPI_self() replaced with hv_send_ipi_self()
[Thu Jul 16 10:35:08 2026] Hyper-V: Using enlightened APIC (xapic mode)
[Thu Jul 16 10:35:08 2026] APIC: eoi() replaced with hv_apic_eoi_write()
[Thu Jul 16 10:35:08 2026] APIC: read() replaced with hv_apic_read()
[Thu Jul 16 10:35:08 2026] APIC: write() replaced with hv_apic_write()
[Thu Jul 16 10:35:08 2026] APIC: icr_write() replaced with hv_apic_icr_write()
[Thu Jul 16 10:35:08 2026] APIC: icr_read() replaced with hv_apic_icr_read()
[Thu Jul 16 10:35:08 2026] clocksource: tsc-early: mask: 0xffffffffffffffff max_cycles: 0x233fd71eca6, max_idle_ns: 440795324395 ns
[Thu Jul 16 10:35:08 2026] Calibrating delay loop (skipped), value calculated using timer frequency.. 4890.85 BogoMIPS (lpj=2445425)
[Thu Jul 16 10:35:08 2026] x86/cpu: User Mode Instruction Prevention (UMIP) activated
[Thu Jul 16 10:35:08 2026] Last level iTLB entries: 4KB 512, 2MB 512, 4MB 256
[Thu Jul 16 10:35:08 2026] Last level dTLB entries: 4KB 2048, 2MB 2048, 4MB 1024, 1GB 0
[Thu Jul 16 10:35:08 2026] Spectre V1 : Mitigation: usercopy/swapgs barriers and __user pointer sanitization
[Thu Jul 16 10:35:08 2026] Spectre V2 : Mitigation: Retpolines
[Thu Jul 16 10:35:08 2026] Spectre V2 : Spectre v2 / SpectreRSB: Filling RSB on context switch and VMEXIT
[Thu Jul 16 10:35:08 2026] Speculative Store Bypass: Vulnerable
[Thu Jul 16 10:35:08 2026] Speculative Return Stack Overflow: IBPB-extending microcode not applied!
[Thu Jul 16 10:35:08 2026] Speculative Return Stack Overflow: WARNING: See https://kernel.org/doc/html/latest/admin-guide/hw-vuln/srso.html for mitigation options.
[Thu Jul 16 10:35:08 2026] active return thunk: srso_alias_return_thunk
[Thu Jul 16 10:35:08 2026] Speculative Return Stack Overflow: Vulnerable: Safe RET, no microcode
[Thu Jul 16 10:35:08 2026] Transient Scheduler Attacks: Forcing mitigation on in a VM
[Thu Jul 16 10:35:08 2026] Transient Scheduler Attacks: Vulnerable: Clear CPU buffers attempted, no microcode
[Thu Jul 16 10:35:08 2026] x86/fpu: Supporting XSAVE feature 0x001: 'x87 floating point registers'
[Thu Jul 16 10:35:08 2026] x86/fpu: Supporting XSAVE feature 0x002: 'SSE registers'
[Thu Jul 16 10:35:08 2026] x86/fpu: Supporting XSAVE feature 0x004: 'AVX registers'
[Thu Jul 16 10:35:08 2026] x86/fpu: Supporting XSAVE feature 0x800: 'Control-flow User registers'
[Thu Jul 16 10:35:08 2026] x86/fpu: xstate_offset[2]:  576, xstate_sizes[2]:  256
[Thu Jul 16 10:35:08 2026] x86/fpu: xstate_offset[11]:  832, xstate_sizes[11]:   16
[Thu Jul 16 10:35:08 2026] x86/fpu: Enabled xstate features 0x807, context size is 848 bytes, using 'compacted' format.
[Thu Jul 16 10:35:08 2026] Freeing SMP alternatives memory: 48K
[Thu Jul 16 10:35:08 2026] pid_max: default: 32768 minimum: 301
[Thu Jul 16 10:35:08 2026] LSM: initializing lsm=lockdown,capability,landlock,yama,apparmor,integrity
[Thu Jul 16 10:35:08 2026] landlock: Up and running.
[Thu Jul 16 10:35:08 2026] Yama: becoming mindful.
[Thu Jul 16 10:35:08 2026] AppArmor: AppArmor initialized
[Thu Jul 16 10:35:08 2026] Mount-cache hash table entries: 32768 (order: 6, 262144 bytes, linear)
[Thu Jul 16 10:35:08 2026] Mountpoint-cache hash table entries: 32768 (order: 6, 262144 bytes, linear)
[Thu Jul 16 10:35:08 2026] smpboot: CPU0: AMD EPYC 7763 64-Core Processor (family: 0x19, model: 0x1, stepping: 0x1)
[Thu Jul 16 10:35:08 2026] Performance Events: PMU not available due to virtualization, using software events only.
[Thu Jul 16 10:35:08 2026] signal: max sigframe size: 1776
[Thu Jul 16 10:35:08 2026] rcu: Hierarchical SRCU implementation.
[Thu Jul 16 10:35:08 2026] rcu: 	Max phase no-delay instances is 400.
[Thu Jul 16 10:35:08 2026] NMI watchdog: Perf NMI watchdog permanently disabled
[Thu Jul 16 10:35:08 2026] smp: Bringing up secondary CPUs ...
[Thu Jul 16 10:35:08 2026] smpboot: x86: Booting SMP configuration:
[Thu Jul 16 10:35:08 2026] .... node  #0, CPUs:      #2 #1 #3
[Thu Jul 16 10:35:08 2026] smp: Brought up 1 node, 4 CPUs
[Thu Jul 16 10:35:08 2026] smpboot: Max logical packages: 1
[Thu Jul 16 10:35:08 2026] smpboot: Total of 4 processors activated (19563.40 BogoMIPS)
[Thu Jul 16 10:35:08 2026] devtmpfs: initialized
[Thu Jul 16 10:35:08 2026] x86/mm: Memory block size: 128MB
[Thu Jul 16 10:35:08 2026] ACPI: PM: Registering ACPI NVS region [mem 0x3fffb000-0x3fffefff] (16384 bytes)
[Thu Jul 16 10:35:08 2026] clocksource: jiffies: mask: 0xffffffff max_cycles: 0xffffffff, max_idle_ns: 1911260446275000 ns
[Thu Jul 16 10:35:08 2026] futex hash table entries: 1024 (order: 4, 65536 bytes, linear)
[Thu Jul 16 10:35:08 2026] pinctrl core: initialized pinctrl subsystem
[Thu Jul 16 10:35:08 2026] PM: RTC time: 10:35:06, date: 2026-07-16
[Thu Jul 16 10:35:08 2026] NET: Registered PF_NETLINK/PF_ROUTE protocol family
[Thu Jul 16 10:35:08 2026] DMA: preallocated 2048 KiB GFP_KERNEL pool for atomic allocations
[Thu Jul 16 10:35:08 2026] DMA: preallocated 2048 KiB GFP_KERNEL|GFP_DMA pool for atomic allocations
[Thu Jul 16 10:35:08 2026] DMA: preallocated 2048 KiB GFP_KERNEL|GFP_DMA32 pool for atomic allocations
[Thu Jul 16 10:35:08 2026] audit: initializing netlink subsys (disabled)
[Thu Jul 16 10:35:08 2026] audit: type=2000 audit(1784198106.035:1): state=initialized audit_enabled=0 res=1
[Thu Jul 16 10:35:08 2026] thermal_sys: Registered thermal governor 'fair_share'
[Thu Jul 16 10:35:08 2026] thermal_sys: Registered thermal governor 'bang_bang'
[Thu Jul 16 10:35:08 2026] thermal_sys: Registered thermal governor 'step_wise'
[Thu Jul 16 10:35:08 2026] thermal_sys: Registered thermal governor 'user_space'
[Thu Jul 16 10:35:08 2026] thermal_sys: Registered thermal governor 'power_allocator'
[Thu Jul 16 10:35:08 2026] cpuidle: using governor ladder
[Thu Jul 16 10:35:08 2026] cpuidle: using governor menu
[Thu Jul 16 10:35:08 2026] acpiphp: ACPI Hot Plug PCI Controller Driver version: 0.5
[Thu Jul 16 10:35:08 2026] e820: reserve RAM buffer [mem 0x044fe000-0x07ffffff]
[Thu Jul 16 10:35:08 2026] e820: reserve RAM buffer [mem 0x3ff1f000-0x3fffffff]
[Thu Jul 16 10:35:08 2026] kprobes: kprobe jump-optimization is enabled. All kprobes are optimized if possible.
[Thu Jul 16 10:35:08 2026] HugeTLB: registered 1.00 GiB page size, pre-allocated 0 pages
[Thu Jul 16 10:35:08 2026] HugeTLB: 16380 KiB vmemmap can be freed for a 1.00 GiB page
[Thu Jul 16 10:35:08 2026] HugeTLB: registered 2.00 MiB page size, pre-allocated 0 pages
[Thu Jul 16 10:35:08 2026] HugeTLB: 28 KiB vmemmap can be freed for a 2.00 MiB page
[Thu Jul 16 10:35:08 2026] ACPI: Added _OSI(Module Device)
[Thu Jul 16 10:35:08 2026] ACPI: Added _OSI(Processor Device)
[Thu Jul 16 10:35:08 2026] ACPI: Added _OSI(Processor Aggregator Device)
[Thu Jul 16 10:35:08 2026] ACPI: 1 ACPI AML tables successfully acquired and loaded
[Thu Jul 16 10:35:08 2026] ACPI: _OSC evaluation for CPUs failed, trying _PDC
[Thu Jul 16 10:35:08 2026] ACPI: Interpreter enabled
[Thu Jul 16 10:35:08 2026] ACPI: PM: (supports S0 S5)
[Thu Jul 16 10:35:08 2026] ACPI: Using IOAPIC for interrupt routing
[Thu Jul 16 10:35:08 2026] PCI: Using host bridge windows from ACPI; if necessary, use "pci=nocrs" and report a bug
[Thu Jul 16 10:35:08 2026] PCI: Ignoring E820 reservations for host bridge windows
[Thu Jul 16 10:35:08 2026] ACPI: Enabled 1 GPEs in block 00 to 0F
[Thu Jul 16 10:35:08 2026] iommu: Default domain type: Translated
[Thu Jul 16 10:35:08 2026] iommu: DMA domain TLB invalidation policy: lazy mode
[Thu Jul 16 10:35:08 2026] SCSI subsystem initialized
[Thu Jul 16 10:35:08 2026] libata version 3.00 loaded.
[Thu Jul 16 10:35:08 2026] ACPI: bus type USB registered
[Thu Jul 16 10:35:08 2026] usbcore: registered new interface driver usbfs
[Thu Jul 16 10:35:08 2026] usbcore: registered new interface driver hub
[Thu Jul 16 10:35:08 2026] usbcore: registered new device driver usb
[Thu Jul 16 10:35:08 2026] pps_core: LinuxPPS API ver. 1 registered
[Thu Jul 16 10:35:08 2026] pps_core: Software ver. 5.3.6 - Copyright 2005-2007 Rodolfo Giometti <giometti@linux.it>
[Thu Jul 16 10:35:08 2026] PTP clock support registered
[Thu Jul 16 10:35:08 2026] EDAC MC: Ver: 3.0.0
[Thu Jul 16 10:35:08 2026] efivars: Registered efivars operations
[Thu Jul 16 10:35:08 2026] hv_vmbus: Vmbus version:5.3
[Thu Jul 16 10:35:08 2026] NetLabel: Initializing
[Thu Jul 16 10:35:08 2026] NetLabel:  domain hash size = 128
[Thu Jul 16 10:35:08 2026] NetLabel:  protocols = UNLABELED CIPSOv4 CALIPSO
[Thu Jul 16 10:35:08 2026] NetLabel:  unlabeled traffic allowed by default
[Thu Jul 16 10:35:08 2026] mctp: management component transport protocol core
[Thu Jul 16 10:35:08 2026] NET: Registered PF_MCTP protocol family
[Thu Jul 16 10:35:08 2026] PCI: Using ACPI for IRQ routing
[Thu Jul 16 10:35:08 2026] PCI: System does not support PCI
[Thu Jul 16 10:35:08 2026] vgaarb: loaded
[Thu Jul 16 10:35:08 2026] clocksource: Switched to clocksource tsc-early
[Thu Jul 16 10:35:08 2026] VFS: Disk quotas dquot_6.6.0
[Thu Jul 16 10:35:08 2026] VFS: Dquot-cache hash table entries: 512 (order 0, 4096 bytes)
[Thu Jul 16 10:35:08 2026] AppArmor: AppArmor Filesystem Enabled
[Thu Jul 16 10:35:08 2026] pnp: PnP ACPI init
[Thu Jul 16 10:35:08 2026] pnp: PnP ACPI: found 3 devices
[Thu Jul 16 10:35:08 2026] clocksource: acpi_pm: mask: 0xffffff max_cycles: 0xffffff, max_idle_ns: 2085701024 ns
[Thu Jul 16 10:35:08 2026] NET: Registered PF_INET protocol family
[Thu Jul 16 10:35:08 2026] IP idents hash table entries: 262144 (order: 9, 2097152 bytes, linear)
[Thu Jul 16 10:35:08 2026] tcp_listen_portaddr_hash hash table entries: 8192 (order: 5, 131072 bytes, linear)
[Thu Jul 16 10:35:08 2026] Table-perturb hash table entries: 65536 (order: 6, 262144 bytes, linear)
[Thu Jul 16 10:35:08 2026] TCP established hash table entries: 131072 (order: 8, 1048576 bytes, linear)
[Thu Jul 16 10:35:08 2026] TCP bind hash table entries: 65536 (order: 9, 2097152 bytes, linear)
[Thu Jul 16 10:35:08 2026] TCP: Hash tables configured (established 131072 bind 65536)
[Thu Jul 16 10:35:08 2026] MPTCP token hash table entries: 16384 (order: 7, 393216 bytes, linear)
[Thu Jul 16 10:35:08 2026] UDP hash table entries: 8192 (order: 6, 262144 bytes, linear)
[Thu Jul 16 10:35:08 2026] UDP-Lite hash table entries: 8192 (order: 6, 262144 bytes, linear)
[Thu Jul 16 10:35:08 2026] NET: Registered PF_UNIX/PF_LOCAL protocol family
[Thu Jul 16 10:35:08 2026] NET: Registered PF_XDP protocol family
[Thu Jul 16 10:35:08 2026] PCI: CLS 0 bytes, default 64
[Thu Jul 16 10:35:08 2026] PCI-DMA: Using software bounce buffering for IO (SWIOTLB)
[Thu Jul 16 10:35:08 2026] software IO TLB: mapped [mem 0x000000003a878000-0x000000003e878000] (64MB)
[Thu Jul 16 10:35:08 2026] clocksource: tsc: mask: 0xffffffffffffffff max_cycles: 0x233fd71eca6, max_idle_ns: 440795324395 ns
[Thu Jul 16 10:35:08 2026] clocksource: Switched to clocksource tsc
[Thu Jul 16 10:35:08 2026] Initialise system trusted keyrings
[Thu Jul 16 10:35:08 2026] Key type blacklist registered
[Thu Jul 16 10:35:08 2026] workingset: timestamp_bits=36 max_order=22 bucket_order=0
[Thu Jul 16 10:35:08 2026] zbud: loaded
[Thu Jul 16 10:35:08 2026] squashfs: version 4.0 (2009/01/31) Phillip Lougher
[Thu Jul 16 10:35:08 2026] fuse: init (API version 7.39)
[Thu Jul 16 10:35:08 2026] integrity: Platform Keyring initialized
[Thu Jul 16 10:35:08 2026] integrity: Machine keyring initialized
[Thu Jul 16 10:35:08 2026] Key type asymmetric registered
[Thu Jul 16 10:35:08 2026] Asymmetric key parser 'x509' registered
[Thu Jul 16 10:35:08 2026] Block layer SCSI generic (bsg) driver version 0.4 loaded (major 244)
[Thu Jul 16 10:35:08 2026] io scheduler mq-deadline registered
[Thu Jul 16 10:35:08 2026] shpchp: Standard Hot Plug PCI Controller Driver version: 0.4
[Thu Jul 16 10:35:08 2026] hv_vmbus: registering driver hv_pci
[Thu Jul 16 10:35:08 2026] Serial: 8250/16550 driver, 32 ports, IRQ sharing enabled
[Thu Jul 16 10:35:08 2026] 00:00: ttyS0 at I/O 0x3f8 (irq = 4, base_baud = 115200) is a 16550A
[Thu Jul 16 10:35:08 2026] 00:01: ttyS1 at I/O 0x2f8 (irq = 3, base_baud = 115200) is a 16550A
[Thu Jul 16 10:35:08 2026] Linux agpgart interface v0.103
[Thu Jul 16 10:35:08 2026] loop: module loaded
[Thu Jul 16 10:35:08 2026] hv_vmbus: registering driver hv_storvsc
[Thu Jul 16 10:35:08 2026] Key type psk registered
[Thu Jul 16 10:35:08 2026] scsi host0: storvsc_host_t
[Thu Jul 16 10:35:08 2026] scsi host1: storvsc_host_t
[Thu Jul 16 10:35:08 2026] ACPI: bus type drm_connector registered
[Thu Jul 16 10:35:08 2026] scsi 0:0:0:0: Direct-Access     Msft     Virtual Disk     1.0  PQ: 0 ANSI: 5
[Thu Jul 16 10:35:08 2026] tun: Universal TUN/TAP device driver, 1.6
[Thu Jul 16 10:35:08 2026] sd 0:0:0:0: Attached scsi generic sg0 type 0
[Thu Jul 16 10:35:08 2026] PPP generic driver version 2.4.2
[Thu Jul 16 10:35:08 2026] sd 0:0:0:0: [sda] 314572800 512-byte logical blocks: (161 GB/150 GiB)
[Thu Jul 16 10:35:08 2026] i8042: PNP: No PS/2 controller found.
[Thu Jul 16 10:35:08 2026] sd 0:0:0:0: [sda] 4096-byte physical blocks
[Thu Jul 16 10:35:08 2026] sd 0:0:0:0: [sda] Write Protect is off
[Thu Jul 16 10:35:08 2026] mousedev: PS/2 mouse device common for all mice
[Thu Jul 16 10:35:08 2026] sd 0:0:0:0: [sda] Mode Sense: 0f 00 10 00
[Thu Jul 16 10:35:08 2026] rtc_cmos 00:02: registered as rtc0
[Thu Jul 16 10:35:08 2026] sd 0:0:0:0: [sda] Write cache: disabled, read cache: enabled, supports DPO and FUA
[Thu Jul 16 10:35:08 2026] rtc_cmos 00:02: setting system clock to 2026-07-16T10:35:07 UTC (1784198107)
[Thu Jul 16 10:35:08 2026] GPT:Primary header thinks Alt. header is not at the end of the disk.
[Thu Jul 16 10:35:08 2026] rtc_cmos 00:02: alarms up to one month, 114 bytes nvram
[Thu Jul 16 10:35:08 2026] GPT:157286399 != 314572799
[Thu Jul 16 10:35:08 2026] device-mapper: core: CONFIG_IMA_DISABLE_HTABLE is disabled. Duplicate IMA measurements will not be recorded in the IMA log.
[Thu Jul 16 10:35:08 2026] GPT:Alternate GPT header not at the end of the disk.
[Thu Jul 16 10:35:08 2026] device-mapper: uevent: version 1.0.3
[Thu Jul 16 10:35:08 2026] GPT:157286399 != 314572799
[Thu Jul 16 10:35:08 2026] device-mapper: ioctl: 4.48.0-ioctl (2023-03-01) initialised: dm-devel@redhat.com
[Thu Jul 16 10:35:08 2026] GPT: Use GNU Parted to correct GPT errors.
[Thu Jul 16 10:35:08 2026] amd_pstate: the _CPC object is not present in SBIOS or ACPI disabled
[Thu Jul 16 10:35:09 2026]  sda: sda1 sda14 sda15
[Thu Jul 16 10:35:09 2026] [drm] Initialized simpledrm 1.0.0 20200625 for simple-framebuffer.0 on minor 0
[Thu Jul 16 10:35:09 2026] sd 0:0:0:0: [sda] Attached SCSI disk
[Thu Jul 16 10:35:09 2026] Console: switching to colour frame buffer device 128x48
[Thu Jul 16 10:35:09 2026] simple-framebuffer simple-framebuffer.0: [drm] fb0: simpledrmdrmfb frame buffer device
[Thu Jul 16 10:35:09 2026] hv_utils: Registering HyperV Utility Driver
[Thu Jul 16 10:35:09 2026] hv_vmbus: registering driver hv_utils
[Thu Jul 16 10:35:09 2026] hv_vmbus: registering driver hv_balloon
[Thu Jul 16 10:35:09 2026] hv_utils: Heartbeat IC version 3.0
[Thu Jul 16 10:35:09 2026] drop_monitor: Initializing network drop monitor service
[Thu Jul 16 10:35:09 2026] hv_utils: Shutdown IC version 3.2
[Thu Jul 16 10:35:09 2026] NET: Registered PF_INET6 protocol family
[Thu Jul 16 10:35:09 2026] hv_utils: TimeSync IC version 4.0
[Thu Jul 16 10:35:09 2026] Segment Routing with IPv6
[Thu Jul 16 10:35:09 2026] hv_balloon: Using Dynamic Memory protocol version 2.0
[Thu Jul 16 10:35:09 2026] In-situ OAM (IOAM) with IPv6
[Thu Jul 16 10:35:09 2026] NET: Registered PF_PACKET protocol family
[Thu Jul 16 10:35:09 2026] Key type dns_resolver registered
[Thu Jul 16 10:35:09 2026] IPI shorthand broadcast: enabled
[Thu Jul 16 10:35:09 2026] sched_clock: Marking stable (986012969, 76976091)->(1298454365, -235465305)
[Thu Jul 16 10:35:09 2026] registered taskstats version 1
[Thu Jul 16 10:35:09 2026] Loading compiled-in X.509 certificates
[Thu Jul 16 10:35:09 2026] Loaded X.509 cert 'Build time autogenerated kernel key: 659b5f86a0208ca1e90c8b6acc713d3719497261'
[Thu Jul 16 10:35:09 2026] Loaded X.509 cert 'Canonical Ltd. Live Patch Signing 2025 Kmod: d541cef61dc7e793b7eb7e899970a2eef0b5dc8c'
[Thu Jul 16 10:35:09 2026] Loaded X.509 cert 'Canonical Ltd. Live Patch Signing: 14df34d1a87cf37625abec039ef2bf521249b969'
[Thu Jul 16 10:35:09 2026] Loaded X.509 cert 'Canonical Ltd. Kernel Module Signing 2025 Kmod: 4627603d2357a2a3f81006370894c221175893e9'
[Thu Jul 16 10:35:09 2026] Loaded X.509 cert 'Canonical Ltd. Kernel Module Signing: 88f752e560a1e0737e31163a466ad7b70a850c19'
[Thu Jul 16 10:35:09 2026] blacklist: Loading compiled-in revocation X.509 certificates
[Thu Jul 16 10:35:09 2026] Loaded X.509 cert 'Canonical Ltd. Secure Boot Signing: 61482aa2830d0ab2ad5af10b7250da9033ddcef0'
[Thu Jul 16 10:35:09 2026] Loaded X.509 cert 'Canonical Ltd. Secure Boot Signing (2017): 242ade75ac4a15e50d50c84b0d45ff3eae707a03'
[Thu Jul 16 10:35:09 2026] Loaded X.509 cert 'Canonical Ltd. Secure Boot Signing (ESM 2018): 365188c1d374d6b07c3c8f240f8ef722433d6a8b'
[Thu Jul 16 10:35:09 2026] Loaded X.509 cert 'Canonical Ltd. Secure Boot Signing (2019): c0746fd6c5da3ae827864651ad66ae47fe24b3e8'
[Thu Jul 16 10:35:09 2026] Loaded X.509 cert 'Canonical Ltd. Secure Boot Signing (2021 v1): a8d54bbb3825cfb94fa13c9f8a594a195c107b8d'
[Thu Jul 16 10:35:09 2026] Loaded X.509 cert 'Canonical Ltd. Secure Boot Signing (2021 v2): 4cf046892d6fd3c9a5b03f98d845f90851dc6a8c'
[Thu Jul 16 10:35:09 2026] Loaded X.509 cert 'Canonical Ltd. Secure Boot Signing (2021 v3): 100437bb6de6e469b581e61cd66bce3ef4ed53af'
[Thu Jul 16 10:35:09 2026] Loaded X.509 cert 'Canonical Ltd. Secure Boot Signing (Ubuntu Core 2019): c1d57b8f6b743f23ee41f4f7ee292f06eecadfb9'
[Thu Jul 16 10:35:09 2026] Key type .fscrypt registered
[Thu Jul 16 10:35:09 2026] Key type fscrypt-provisioning registered
[Thu Jul 16 10:35:09 2026] Key type encrypted registered
[Thu Jul 16 10:35:09 2026] AppArmor: AppArmor sha256 policy hashing enabled
[Thu Jul 16 10:35:09 2026] integrity: Loading X.509 certificate: UEFI:db
[Thu Jul 16 10:35:09 2026] integrity: Loaded X.509 cert 'Microsoft Windows Production PCA 2011: a92902398e16c49778cd90f99e4f9ae17c55af53'
[Thu Jul 16 10:35:09 2026] integrity: Loading X.509 certificate: UEFI:db
[Thu Jul 16 10:35:09 2026] integrity: Loaded X.509 cert 'Microsoft Corporation: Windows UEFI CA 2023: aefc5fbbbe055d8f8daa585473499417ab5a5272'
[Thu Jul 16 10:35:09 2026] ima: No TPM chip found, activating TPM-bypass!
[Thu Jul 16 10:35:09 2026] Loading compiled-in module X.509 certificates
[Thu Jul 16 10:35:09 2026] Loaded X.509 cert 'Build time autogenerated kernel key: 659b5f86a0208ca1e90c8b6acc713d3719497261'
[Thu Jul 16 10:35:09 2026] ima: Allocated hash algorithm: sha256
[Thu Jul 16 10:35:09 2026] ima: No architecture policies found
[Thu Jul 16 10:35:09 2026] evm: Initialising EVM extended attributes:
[Thu Jul 16 10:35:09 2026] evm: security.selinux
[Thu Jul 16 10:35:09 2026] evm: security.SMACK64
[Thu Jul 16 10:35:09 2026] evm: security.SMACK64EXEC
[Thu Jul 16 10:35:09 2026] evm: security.SMACK64TRANSMUTE
[Thu Jul 16 10:35:09 2026] evm: security.SMACK64MMAP
[Thu Jul 16 10:35:09 2026] evm: security.apparmor
[Thu Jul 16 10:35:09 2026] evm: security.ima
[Thu Jul 16 10:35:09 2026] evm: security.capability
[Thu Jul 16 10:35:09 2026] evm: HMAC attrs: 0x1
[Thu Jul 16 10:35:09 2026] PM:   Magic number: 2:298:578
[Thu Jul 16 10:35:09 2026] platform pcspkr: hash matches
[Thu Jul 16 10:35:09 2026] RAS: Correctable Errors collector initialized.
[Thu Jul 16 10:35:09 2026] clk: Disabling unused clocks
[Thu Jul 16 10:35:09 2026] md: Waiting for all devices to be available before autodetect
[Thu Jul 16 10:35:09 2026] md: If you don't use raid, use raid=noautodetect
[Thu Jul 16 10:35:09 2026] md: Autodetecting RAID arrays.
[Thu Jul 16 10:35:09 2026] md: autorun ...
[Thu Jul 16 10:35:09 2026] md: ... autorun DONE.
[Thu Jul 16 10:35:09 2026] EXT4-fs (sda1): mounted filesystem 9f2e2fd8-4c3c-4dbb-9fc0-9e1c448b918f ro with ordered data mode. Quota mode: none.
[Thu Jul 16 10:35:09 2026] VFS: Mounted root (ext4 filesystem) readonly on device 8:1.
[Thu Jul 16 10:35:09 2026] devtmpfs: mounted
[Thu Jul 16 10:35:09 2026] Freeing unused decrypted memory: 2028K
[Thu Jul 16 10:35:09 2026] Freeing unused kernel image (initmem) memory: 4688K
[Thu Jul 16 10:35:09 2026] Write protecting the kernel read-only data: 34816k
[Thu Jul 16 10:35:09 2026] Freeing unused kernel image (rodata/data gap) memory: 712K
[Thu Jul 16 10:35:09 2026] x86/mm: Checked W+X mappings: passed, no W+X pages found.
[Thu Jul 16 10:35:09 2026] Run /sbin/init as init process
[Thu Jul 16 10:35:09 2026]   with arguments:
[Thu Jul 16 10:35:09 2026]     /sbin/init
[Thu Jul 16 10:35:09 2026]   with environment:
[Thu Jul 16 10:35:09 2026]     HOME=/
[Thu Jul 16 10:35:09 2026]     TERM=linux
[Thu Jul 16 10:35:09 2026] systemd[1]: Inserted module 'autofs4'
[Thu Jul 16 10:35:09 2026] systemd[1]: systemd 249.11-0ubuntu3.21 running in system mode (+PAM +AUDIT +SELINUX +APPARMOR +IMA +SMACK +SECCOMP +GCRYPT +GNUTLS +OPENSSL +ACL +BLKID +CURL +ELFUTILS +FIDO2 +IDN2 -IDN +IPTC +KMOD +LIBCRYPTSETUP +LIBFDISK +PCRE2 -PWQUALITY -P11KIT -QRENCODE +BZIP2 +LZ4 +XZ +ZLIB +ZSTD -XKBCOMMON +UTMP +SYSVINIT default-hierarchy=unified)
[Thu Jul 16 10:35:09 2026] systemd[1]: Detected virtualization microsoft.
[Thu Jul 16 10:35:09 2026] systemd[1]: Detected architecture x86-64.
[Thu Jul 16 10:35:09 2026] systemd[1]: Hostname set to <runnervmos4r4>.
[Thu Jul 16 10:35:09 2026] block sda: the capability attribute has been deprecated.
[Thu Jul 16 10:35:09 2026] systemd[1]: Configuration file /run/systemd/system/netplan-ovs-cleanup.service is marked world-inaccessible. This has no effect as configuration data is accessible via APIs without restrictions. Proceeding anyway.
[Thu Jul 16 10:35:09 2026] systemd[1]: /lib/systemd/system/snapd.service:23: Unknown key name 'RestartMode' in section 'Service', ignoring.
[Thu Jul 16 10:35:09 2026] systemd[1]: Queued start job for default target Graphical Interface.
[Thu Jul 16 10:35:09 2026] systemd[1]: Unnecessary job was removed for /sys/devices/virtual/misc/vmbus!hv_fcopy.
[Thu Jul 16 10:35:09 2026] systemd[1]: Unnecessary job was removed for /sys/devices/virtual/misc/vmbus!hv_vss.
[Thu Jul 16 10:35:09 2026] systemd[1]: Created slice Slice for Azure VM Agent and Extensions.
[Thu Jul 16 10:35:09 2026] systemd[1]: Created slice Slice /system/modprobe.
[Thu Jul 16 10:35:09 2026] systemd[1]: Created slice Slice /system/serial-getty.
[Thu Jul 16 10:35:09 2026] systemd[1]: Created slice Slice /system/systemd-fsck.
[Thu Jul 16 10:35:09 2026] systemd[1]: Created slice User and Session Slice.
[Thu Jul 16 10:35:09 2026] systemd[1]: Started Forward Password Requests to Wall Directory Watch.
[Thu Jul 16 10:35:09 2026] systemd[1]: Set up automount Arbitrary Executable File Formats File System Automount Point.
[Thu Jul 16 10:35:09 2026] systemd[1]: Reached target Slice Units.
[Thu Jul 16 10:35:09 2026] systemd[1]: Reached target Mounting snaps.
[Thu Jul 16 10:35:09 2026] systemd[1]: Reached target Swaps.
[Thu Jul 16 10:35:09 2026] systemd[1]: Reached target System Time Set.
[Thu Jul 16 10:35:09 2026] systemd[1]: Reached target Local Verity Protected Volumes.
[Thu Jul 16 10:35:09 2026] systemd[1]: Listening on Device-mapper event daemon FIFOs.
[Thu Jul 16 10:35:09 2026] systemd[1]: Listening on LVM2 poll daemon socket.
[Thu Jul 16 10:35:09 2026] systemd[1]: Listening on multipathd control socket.
[Thu Jul 16 10:35:09 2026] systemd[1]: Listening on Syslog Socket.
[Thu Jul 16 10:35:09 2026] systemd[1]: Listening on Process Core Dump Socket.
[Thu Jul 16 10:35:09 2026] systemd[1]: Listening on fsck to fsckd communication Socket.
[Thu Jul 16 10:35:09 2026] systemd[1]: Listening on initctl Compatibility Named Pipe.
[Thu Jul 16 10:35:09 2026] systemd[1]: Listening on Journal Audit Socket.
[Thu Jul 16 10:35:09 2026] systemd[1]: Listening on Journal Socket (/dev/log).
[Thu Jul 16 10:35:09 2026] systemd[1]: Listening on Journal Socket.
[Thu Jul 16 10:35:09 2026] systemd[1]: Listening on Network Service Netlink Socket.
[Thu Jul 16 10:35:09 2026] systemd[1]: Listening on udev Control Socket.
[Thu Jul 16 10:35:09 2026] systemd[1]: Listening on udev Kernel Socket.
[Thu Jul 16 10:35:09 2026] systemd[1]: Mounting Huge Pages File System...
[Thu Jul 16 10:35:09 2026] systemd[1]: Mounting POSIX Message Queue File System...
[Thu Jul 16 10:35:09 2026] systemd[1]: Mounting Kernel Debug File System...
[Thu Jul 16 10:35:09 2026] systemd[1]: Mounting Kernel Trace File System...
[Thu Jul 16 10:35:09 2026] systemd[1]: Starting Journal Service...
[Thu Jul 16 10:35:09 2026] systemd[1]: Starting Set the console keyboard layout...
[Thu Jul 16 10:35:09 2026] systemd[1]: Starting Create List of Static Device Nodes...
[Thu Jul 16 10:35:09 2026] systemd[1]: Starting Monitoring of LVM2 mirrors, snapshots etc. using dmeventd or progress polling...
[Thu Jul 16 10:35:09 2026] systemd[1]: Condition check resulted in LXD - agent being skipped.
[Thu Jul 16 10:35:09 2026] systemd[1]: Starting Load Kernel Module configfs...
[Thu Jul 16 10:35:09 2026] systemd[1]: Starting Load Kernel Module drm...
[Thu Jul 16 10:35:09 2026] systemd[1]: Starting Load Kernel Module efi_pstore...
[Thu Jul 16 10:35:09 2026] pstore: Using crash dump compression: deflate
[Thu Jul 16 10:35:09 2026] systemd[1]: Starting Load Kernel Module fuse...
[Thu Jul 16 10:35:09 2026] systemd[1]: Condition check resulted in OpenVSwitch configuration for cleanup being skipped.
[Thu Jul 16 10:35:09 2026] pstore: Registered efi_pstore as persistent store backend
[Thu Jul 16 10:35:09 2026] systemd[1]: Starting File System Check on Root Device...
[Thu Jul 16 10:35:09 2026] systemd[1]: Starting Load Kernel Modules...
[Thu Jul 16 10:35:10 2026] systemd[1]: Starting Coldplug All udev Devices...
[Thu Jul 16 10:35:10 2026] systemd[1]: Started Journal Service.
[Thu Jul 16 10:35:10 2026] EXT4-fs (sda1): re-mounted 9f2e2fd8-4c3c-4dbb-9fc0-9e1c448b918f r/w.
[Thu Jul 16 10:35:10 2026] alua: device handler registered
[Thu Jul 16 10:35:10 2026] emc: device handler registered
[Thu Jul 16 10:35:10 2026] systemd-journald[156]: Received client request to flush runtime journal.
[Thu Jul 16 10:35:10 2026] rdac: device handler registered
[Thu Jul 16 10:35:10 2026] hv_vmbus: registering driver hyperv_keyboard
[Thu Jul 16 10:35:10 2026] hv_vmbus: registering driver hv_netvsc
[Thu Jul 16 10:35:10 2026] input: AT Translated Set 2 keyboard as /devices/LNXSYSTM:00/LNXSYBUS:00/ACPI0004:00/MSFT1000:00/d34b2567-b9b6-42b9-8778-0a4ec0b955bf/serio0/input/input0
[Thu Jul 16 10:35:10 2026] hv_vmbus: registering driver hyperv_drm
[Thu Jul 16 10:35:10 2026] hyperv_drm 5620e0c7-8062-4dce-aeb7-520c7ef76171: [drm] Synthvid Version major 3, minor 5
[Thu Jul 16 10:35:10 2026] Console: switching to colour dummy device 80x25
[Thu Jul 16 10:35:10 2026] hid: raw HID events driver (C) Jiri Kosina
[Thu Jul 16 10:35:10 2026] cryptd: max_cpu_qlen set to 1000
[Thu Jul 16 10:35:10 2026] [drm] Initialized hyperv_drm 1.0.0 2020 for 5620e0c7-8062-4dce-aeb7-520c7ef76171 on minor 1
[Thu Jul 16 10:35:10 2026] Console: switching to colour frame buffer device 128x48
[Thu Jul 16 10:35:10 2026] hyperv_drm 5620e0c7-8062-4dce-aeb7-520c7ef76171: [drm] fb0: hyperv_drmdrmfb frame buffer device
[Thu Jul 16 10:35:11 2026] hv_vmbus: registering driver hid_hyperv
[Thu Jul 16 10:35:11 2026] input: Microsoft Vmbus HID-compliant Mouse as /devices/0006:045E:0621.0001/input/input1
[Thu Jul 16 10:35:11 2026] hid-hyperv 0006:045E:0621.0001: input: VIRTUAL HID v0.01 Mouse [Microsoft Vmbus HID-compliant Mouse] on 
[Thu Jul 16 10:35:11 2026] AVX2 version of gcm_enc/dec engaged.
[Thu Jul 16 10:35:11 2026] AES CTR mode by8 optimization enabled
[Thu Jul 16 10:35:11 2026] kvm_amd: TSC scaling supported
[Thu Jul 16 10:35:11 2026] kvm_amd: Nested Virtualization enabled
[Thu Jul 16 10:35:11 2026] kvm_amd: Nested Paging enabled
[Thu Jul 16 10:35:11 2026] kvm_amd: kvm_amd: Hyper-V enlightened NPT TLB flush enabled
[Thu Jul 16 10:35:11 2026] kvm_amd: kvm_amd: Hyper-V Direct TLB Flush enabled
[Thu Jul 16 10:35:11 2026] kvm_amd: Virtual VMLOAD VMSAVE supported
[Thu Jul 16 10:35:11 2026] kvm_amd: PMU virtualization is disabled
[Thu Jul 16 10:35:11 2026] workqueue: drm_fb_helper_damage_work hogged CPU for >10000us 4 times, consider switching to WQ_UNBOUND
[Thu Jul 16 10:35:11 2026] loop0: detected capacity change from 0 to 130624
[Thu Jul 16 10:35:12 2026] loop1: detected capacity change from 0 to 187752
[Thu Jul 16 10:35:12 2026] loop2: detected capacity change from 0 to 100888
[Thu Jul 16 10:35:12 2026] hv_utils: KVP IC version 4.0
[Thu Jul 16 10:35:12 2026] workqueue: drm_fb_helper_damage_work hogged CPU for >10000us 8 times, consider switching to WQ_UNBOUND
[Thu Jul 16 10:35:12 2026] audit: type=1400 audit(1784198113.053:2): apparmor="STATUS" operation="profile_load" profile="unconfined" name="lsb_release" pid=394 comm="apparmor_parser"
[Thu Jul 16 10:35:12 2026] audit: type=1400 audit(1784198113.053:3): apparmor="STATUS" operation="profile_load" profile="unconfined" name="nvidia_modprobe" pid=395 comm="apparmor_parser"
[Thu Jul 16 10:35:12 2026] audit: type=1400 audit(1784198113.053:4): apparmor="STATUS" operation="profile_load" profile="unconfined" name="nvidia_modprobe//kmod" pid=395 comm="apparmor_parser"
[Thu Jul 16 10:35:12 2026] audit: type=1400 audit(1784198113.075:5): apparmor="STATUS" operation="profile_load" profile="unconfined" name="ubuntu_pro_apt_news" pid=397 comm="apparmor_parser"
[Thu Jul 16 10:35:12 2026] audit: type=1400 audit(1784198113.076:6): apparmor="STATUS" operation="profile_load" profile="unconfined" name="ubuntu_pro_esm_cache" pid=400 comm="apparmor_parser"
[Thu Jul 16 10:35:12 2026] audit: type=1400 audit(1784198113.076:7): apparmor="STATUS" operation="profile_load" profile="unconfined" name="ubuntu_pro_esm_cache//apt_methods" pid=400 comm="apparmor_parser"
[Thu Jul 16 10:35:12 2026] audit: type=1400 audit(1784198113.076:8): apparmor="STATUS" operation="profile_load" profile="unconfined" name="ubuntu_pro_esm_cache//apt_methods_gpgv" pid=400 comm="apparmor_parser"
[Thu Jul 16 10:35:12 2026] audit: type=1400 audit(1784198113.076:9): apparmor="STATUS" operation="profile_load" profile="unconfined" name="ubuntu_pro_esm_cache//cloud_id" pid=400 comm="apparmor_parser"
[Thu Jul 16 10:35:12 2026] audit: type=1400 audit(1784198113.076:10): apparmor="STATUS" operation="profile_load" profile="unconfined" name="ubuntu_pro_esm_cache//dpkg" pid=400 comm="apparmor_parser"
[Thu Jul 16 10:35:12 2026] /dev/sr0: Can't lookup blockdev
[Thu Jul 16 10:35:15 2026] EXT4-fs (sda1): resizing filesystem from 19632379 to 39293179 blocks
[Thu Jul 16 10:35:16 2026] EXT4-fs (sda1): resized filesystem to 39293179
[Thu Jul 16 10:35:18 2026] evm: overlay not supported
[Thu Jul 16 10:35:18 2026] loop3: detected capacity change from 0 to 8
[Thu Jul 16 10:35:18 2026] overlayfs: fs on '/home/runner/.local/share/containers/storage/overlay/compat3843482834/lower1' does not support file handles, falling back to xino=off.
[Thu Jul 16 10:35:18 2026] overlayfs: fs on '/home/runner/.local/share/containers/storage/overlay/metacopy-check2625196616/l1' does not support file handles, falling back to xino=off.
[Thu Jul 16 10:35:18 2026] overlayfs: fs on '/home/runner/.local/share/containers/storage/overlay/opaque-bug-check3034458558/l2' does not support file handles, falling back to xino=off.
[Thu Jul 16 10:35:18 2026] kauditd_printk_skb: 33 callbacks suppressed
[Thu Jul 16 10:35:18 2026] audit: type=1400 audit(1784198119.505:44): apparmor="STATUS" operation="profile_replace" info="same as current profile, skipping" profile="unconfined" name="/usr/lib/snapd/snap-confine" pid=1034 comm="apparmor_parser"
[Thu Jul 16 10:35:18 2026] audit: type=1400 audit(1784198119.814:45): apparmor="STATUS" operation="profile_load" profile="unconfined" name="docker-default" pid=1260 comm="apparmor_parser"
[Thu Jul 16 10:35:19 2026] Initializing XFRM netlink socket
[Thu Jul 16 10:35:19 2026] bridge: filtering via arp/ip/ip6tables is no longer available by default. Update your scripts to load br_netfilter if you need this.
[Thu Jul 16 10:35:30 2026] Adding 3145724k swap on /swapfile.  Priority:-2 extents:31 across:4227068k 
[Thu Jul 16 10:35:57 2026] hv_balloon: Max. dynamic memory size: 16384 MB
[Thu Jul 16 10:36:02 2026] hv_netvsc 70a8a59b-a0a3-70a8-a59b-a0a370a8a59b eth0: VF slot 1 added
[Thu Jul 16 10:36:02 2026] hv_pci 9f43647e-3a84-4171-806d-5108c8c402d6: PCI VMBus probing: Using version 0x10004
[Thu Jul 16 10:36:02 2026] hv_pci 9f43647e-3a84-4171-806d-5108c8c402d6: PCI host bridge to bus 3a84:00
[Thu Jul 16 10:36:02 2026] pci_bus 3a84:00: root bus resource [mem 0xfc0000000-0xfc00fffff window]
[Thu Jul 16 10:36:02 2026] pci_bus 3a84:00: No busn resource found for root bus, will use [bus 00-ff]
[Thu Jul 16 10:36:02 2026] pci 3a84:00:02.0: [15b3:1016] type 00 class 0x020000 PCIe Endpoint
[Thu Jul 16 10:36:02 2026] pci 3a84:00:02.0: BAR 0 [mem 0xfc0000000-0xfc00fffff 64bit pref]
[Thu Jul 16 10:36:02 2026] pci 3a84:00:02.0: enabling Extended Tags
[Thu Jul 16 10:36:02 2026] pci 3a84:00:02.0: 0.000 Gb/s available PCIe bandwidth, limited by Unknown x0 link at 3a84:00:02.0 (capable of 63.008 Gb/s with 8.0 GT/s PCIe x8 link)
[Thu Jul 16 10:36:02 2026] pci_bus 3a84:00: busn_res: [bus 00-ff] end is updated to 00
[Thu Jul 16 10:36:02 2026] pci 3a84:00:02.0: BAR 0 [mem 0xfc0000000-0xfc00fffff 64bit pref]: assigned
[Thu Jul 16 10:36:02 2026] mlx5_core 3a84:00:02.0: enabling device (0000 -> 0002)
[Thu Jul 16 10:36:02 2026] mlx5_core 3a84:00:02.0: firmware version: 14.30.5026
[Thu Jul 16 10:36:03 2026] hv_netvsc 70a8a59b-a0a3-70a8-a59b-a0a370a8a59b eth0: VF registering: eth1
[Thu Jul 16 10:36:03 2026] mlx5_core 3a84:00:02.0 eth1: joined to eth0
[Thu Jul 16 10:36:03 2026] mlx5_core 3a84:00:02.0: MLX5E: StrdRq(0) RqSz(1024) StrdSz(256) RxCqeCmprss(0 basic)
[Thu Jul 16 10:36:03 2026] mlx5_core 3a84:00:02.0: is_dpll_supported:213:(pid 111): Missing SyncE capability
[Thu Jul 16 10:36:03 2026] mlx5_core 3a84:00:02.0 enP14980s1: renamed from eth1
[Thu Jul 16 10:36:03 2026] MACsec IEEE 802.1AE
[Thu Jul 16 10:36:03 2026] mlx5_core 3a84:00:02.0 enP14980s1: Link up
[Thu Jul 16 10:36:03 2026] hv_netvsc 70a8a59b-a0a3-70a8-a59b-a0a370a8a59b eth0: Data path switched to VF: enP14980s1
[Thu Jul 16 11:00:54 2026] docker0: port 1(veth88ef715) entered blocking state
[Thu Jul 16 11:00:54 2026] docker0: port 1(veth88ef715) entered disabled state
[Thu Jul 16 11:00:54 2026] veth88ef715: entered allmulticast mode
[Thu Jul 16 11:00:54 2026] veth88ef715: entered promiscuous mode
[Thu Jul 16 11:00:54 2026] eth0: renamed from veth045a58b
[Thu Jul 16 11:00:54 2026] docker0: port 1(veth88ef715) entered blocking state
[Thu Jul 16 11:00:54 2026] docker0: port 1(veth88ef715) entered forwarding state
[Thu Jul 16 11:00:58 2026] docker0: port 1(veth88ef715) entered disabled state
[Thu Jul 16 11:00:58 2026] veth045a58b: renamed from eth0
[Thu Jul 16 11:00:58 2026] docker0: port 1(veth88ef715) entered disabled state
[Thu Jul 16 11:00:58 2026] veth88ef715 (unregistering): left allmulticast mode
[Thu Jul 16 11:00:58 2026] veth88ef715 (unregistering): left promiscuous mode
[Thu Jul 16 11:00:58 2026] docker0: port 1(veth88ef715) entered disabled state
[Thu Jul 16 11:00:58 2026] docker0: port 1(veth6a9309e) entered blocking state
[Thu Jul 16 11:00:58 2026] docker0: port 1(veth6a9309e) entered disabled state
[Thu Jul 16 11:00:58 2026] veth6a9309e: entered allmulticast mode
[Thu Jul 16 11:00:58 2026] veth6a9309e: entered promiscuous mode
[Thu Jul 16 11:00:58 2026] eth0: renamed from veth8a767c3
[Thu Jul 16 11:00:58 2026] docker0: port 1(veth6a9309e) entered blocking state
[Thu Jul 16 11:00:58 2026] docker0: port 1(veth6a9309e) entered forwarding state
[Thu Jul 16 11:00:58 2026] docker0: port 2(veth4cab38d) entered blocking state
[Thu Jul 16 11:00:58 2026] docker0: port 2(veth4cab38d) entered disabled state
[Thu Jul 16 11:00:58 2026] veth4cab38d: entered allmulticast mode
[Thu Jul 16 11:00:58 2026] veth4cab38d: entered promiscuous mode
[Thu Jul 16 11:00:58 2026] docker0: port 1(veth6a9309e) entered disabled state
[Thu Jul 16 11:00:58 2026] veth8a767c3: renamed from eth0
[Thu Jul 16 11:00:58 2026] docker0: port 1(veth6a9309e) entered disabled state
[Thu Jul 16 11:00:58 2026] veth6a9309e (unregistering): left allmulticast mode
[Thu Jul 16 11:00:58 2026] veth6a9309e (unregistering): left promiscuous mode
[Thu Jul 16 11:00:58 2026] docker0: port 1(veth6a9309e) entered disabled state
[Thu Jul 16 11:00:58 2026] eth0: renamed from veth1fc148d
[Thu Jul 16 11:00:58 2026] docker0: port 2(veth4cab38d) entered blocking state
[Thu Jul 16 11:00:58 2026] docker0: port 2(veth4cab38d) entered forwarding state
[Thu Jul 16 11:00:58 2026] docker0: port 1(vethc6f1168) entered blocking state
[Thu Jul 16 11:00:58 2026] docker0: port 1(vethc6f1168) entered disabled state
[Thu Jul 16 11:00:58 2026] vethc6f1168: entered allmulticast mode
[Thu Jul 16 11:00:58 2026] vethc6f1168: entered promiscuous mode
[Thu Jul 16 11:00:58 2026] docker0: port 2(veth4cab38d) entered disabled state
[Thu Jul 16 11:00:58 2026] veth1fc148d: renamed from eth0
[Thu Jul 16 11:00:58 2026] docker0: port 2(veth4cab38d) entered disabled state
[Thu Jul 16 11:00:58 2026] veth4cab38d (unregistering): left allmulticast mode
[Thu Jul 16 11:00:58 2026] veth4cab38d (unregistering): left promiscuous mode
[Thu Jul 16 11:00:58 2026] docker0: port 2(veth4cab38d) entered disabled state
[Thu Jul 16 11:00:58 2026] eth0: renamed from veth3d50b96
[Thu Jul 16 11:00:58 2026] docker0: port 1(vethc6f1168) entered blocking state
[Thu Jul 16 11:00:58 2026] docker0: port 1(vethc6f1168) entered forwarding state
[Thu Jul 16 11:00:58 2026] docker0: port 2(vethc1c50c1) entered blocking state
[Thu Jul 16 11:00:58 2026] docker0: port 2(vethc1c50c1) entered disabled state
[Thu Jul 16 11:00:58 2026] vethc1c50c1: entered allmulticast mode
[Thu Jul 16 11:00:58 2026] vethc1c50c1: entered promiscuous mode
[Thu Jul 16 11:00:58 2026] veth3d50b96: renamed from eth0
[Thu Jul 16 11:00:58 2026] docker0: port 1(vethc6f1168) entered disabled state
[Thu Jul 16 11:00:58 2026] docker0: port 1(vethc6f1168) entered disabled state
[Thu Jul 16 11:00:58 2026] vethc6f1168 (unregistering): left allmulticast mode
[Thu Jul 16 11:00:58 2026] vethc6f1168 (unregistering): left promiscuous mode
[Thu Jul 16 11:00:58 2026] docker0: port 1(vethc6f1168) entered disabled state
[Thu Jul 16 11:00:58 2026] eth0: renamed from vethda888ac
[Thu Jul 16 11:00:58 2026] docker0: port 2(vethc1c50c1) entered blocking state
[Thu Jul 16 11:00:58 2026] docker0: port 2(vethc1c50c1) entered forwarding state
[Thu Jul 16 11:00:58 2026] docker0: port 1(vethf7946f9) entered blocking state
[Thu Jul 16 11:00:58 2026] docker0: port 1(vethf7946f9) entered disabled state
[Thu Jul 16 11:00:58 2026] vethf7946f9: entered allmulticast mode
[Thu Jul 16 11:00:58 2026] vethf7946f9: entered promiscuous mode
[Thu Jul 16 11:00:58 2026] docker0: port 2(vethc1c50c1) entered disabled state
[Thu Jul 16 11:00:58 2026] vethda888ac: renamed from eth0
[Thu Jul 16 11:00:58 2026] docker0: port 2(vethc1c50c1) entered disabled state
[Thu Jul 16 11:00:58 2026] vethc1c50c1 (unregistering): left allmulticast mode
[Thu Jul 16 11:00:58 2026] vethc1c50c1 (unregistering): left promiscuous mode
[Thu Jul 16 11:00:58 2026] docker0: port 2(vethc1c50c1) entered disabled state
[Thu Jul 16 11:00:59 2026] eth0: renamed from veth33e19ab
[Thu Jul 16 11:00:59 2026] docker0: port 1(vethf7946f9) entered blocking state
[Thu Jul 16 11:00:59 2026] docker0: port 1(vethf7946f9) entered forwarding state
[Thu Jul 16 11:00:59 2026] docker0: port 1(vethf7946f9) entered disabled state
[Thu Jul 16 11:00:59 2026] veth33e19ab: renamed from eth0
[Thu Jul 16 11:00:59 2026] docker0: port 1(vethf7946f9) entered disabled state
[Thu Jul 16 11:00:59 2026] vethf7946f9 (unregistering): left allmulticast mode
[Thu Jul 16 11:00:59 2026] vethf7946f9 (unregistering): left promiscuous mode
[Thu Jul 16 11:00:59 2026] docker0: port 1(vethf7946f9) entered disabled state
[Thu Jul 16 11:00:59 2026] docker0: port 1(vethb2edf75) entered blocking state
[Thu Jul 16 11:00:59 2026] docker0: port 1(vethb2edf75) entered disabled state
[Thu Jul 16 11:00:59 2026] vethb2edf75: entered allmulticast mode
[Thu Jul 16 11:00:59 2026] vethb2edf75: entered promiscuous mode
[Thu Jul 16 11:00:59 2026] eth0: renamed from vethde257da
[Thu Jul 16 11:00:59 2026] docker0: port 1(vethb2edf75) entered blocking state
[Thu Jul 16 11:00:59 2026] docker0: port 1(vethb2edf75) entered forwarding state
[Thu Jul 16 11:00:59 2026] docker0: port 2(veth07c34ca) entered blocking state
[Thu Jul 16 11:00:59 2026] docker0: port 2(veth07c34ca) entered disabled state
[Thu Jul 16 11:00:59 2026] veth07c34ca: entered allmulticast mode
[Thu Jul 16 11:00:59 2026] veth07c34ca: entered promiscuous mode
[Thu Jul 16 11:00:59 2026] docker0: port 1(vethb2edf75) entered disabled state
[Thu Jul 16 11:00:59 2026] vethde257da: renamed from eth0
[Thu Jul 16 11:00:59 2026] docker0: port 1(vethb2edf75) entered disabled state
[Thu Jul 16 11:00:59 2026] vethb2edf75 (unregistering): left allmulticast mode
[Thu Jul 16 11:00:59 2026] vethb2edf75 (unregistering): left promiscuous mode
[Thu Jul 16 11:00:59 2026] docker0: port 1(vethb2edf75) entered disabled state
[Thu Jul 16 11:00:59 2026] eth0: renamed from veth49ed4f3
[Thu Jul 16 11:00:59 2026] docker0: port 2(veth07c34ca) entered blocking state
[Thu Jul 16 11:00:59 2026] docker0: port 2(veth07c34ca) entered forwarding state
[Thu Jul 16 11:00:59 2026] docker0: port 2(veth07c34ca) entered disabled state
[Thu Jul 16 11:00:59 2026] veth49ed4f3: renamed from eth0
[Thu Jul 16 11:00:59 2026] docker0: port 1(vethd358169) entered blocking state
[Thu Jul 16 11:00:59 2026] docker0: port 1(vethd358169) entered disabled state
[Thu Jul 16 11:00:59 2026] vethd358169: entered allmulticast mode
[Thu Jul 16 11:00:59 2026] vethd358169: entered promiscuous mode
[Thu Jul 16 11:00:59 2026] docker0: port 2(veth07c34ca) entered disabled state
[Thu Jul 16 11:00:59 2026] veth07c34ca (unregistering): left allmulticast mode
[Thu Jul 16 11:00:59 2026] veth07c34ca (unregistering): left promiscuous mode
[Thu Jul 16 11:00:59 2026] docker0: port 2(veth07c34ca) entered disabled state
[Thu Jul 16 11:00:59 2026] eth0: renamed from veth1ecf428
[Thu Jul 16 11:00:59 2026] docker0: port 1(vethd358169) entered blocking state
[Thu Jul 16 11:00:59 2026] docker0: port 1(vethd358169) entered forwarding state
[Thu Jul 16 11:00:59 2026] docker0: port 1(vethd358169) entered disabled state
[Thu Jul 16 11:00:59 2026] veth1ecf428: renamed from eth0
[Thu Jul 16 11:00:59 2026] docker0: port 2(vethc224aa5) entered blocking state
[Thu Jul 16 11:00:59 2026] docker0: port 2(vethc224aa5) entered disabled state
[Thu Jul 16 11:00:59 2026] vethc224aa5: entered allmulticast mode
[Thu Jul 16 11:00:59 2026] vethc224aa5: entered promiscuous mode
[Thu Jul 16 11:00:59 2026] docker0: port 1(vethd358169) entered disabled state
[Thu Jul 16 11:00:59 2026] vethd358169 (unregistering): left allmulticast mode
[Thu Jul 16 11:00:59 2026] vethd358169 (unregistering): left promiscuous mode
[Thu Jul 16 11:00:59 2026] docker0: port 1(vethd358169) entered disabled state
[Thu Jul 16 11:00:59 2026] eth0: renamed from vethdef627e
[Thu Jul 16 11:00:59 2026] docker0: port 2(vethc224aa5) entered blocking state
[Thu Jul 16 11:00:59 2026] docker0: port 2(vethc224aa5) entered forwarding state
[Thu Jul 16 11:01:49 2026] docker0: port 2(vethc224aa5) entered disabled state
[Thu Jul 16 11:01:49 2026] vethdef627e: renamed from eth0
[Thu Jul 16 11:01:49 2026] docker0: port 2(vethc224aa5) entered disabled state
[Thu Jul 16 11:01:49 2026] vethc224aa5 (unregistering): left allmulticast mode
[Thu Jul 16 11:01:49 2026] vethc224aa5 (unregistering): left promiscuous mode
[Thu Jul 16 11:01:49 2026] docker0: port 2(vethc224aa5) entered disabled state
[Thu Jul 16 11:01:55 2026] docker0: port 1(vethdc97dbb) entered blocking state
[Thu Jul 16 11:01:55 2026] docker0: port 1(vethdc97dbb) entered disabled state
[Thu Jul 16 11:01:55 2026] vethdc97dbb: entered allmulticast mode
[Thu Jul 16 11:01:55 2026] vethdc97dbb: entered promiscuous mode
[Thu Jul 16 11:01:55 2026] eth0: renamed from veth030f122
[Thu Jul 16 11:01:55 2026] docker0: port 1(vethdc97dbb) entered blocking state
[Thu Jul 16 11:01:55 2026] docker0: port 1(vethdc97dbb) entered forwarding state
[Thu Jul 16 11:02:03 2026] br-0baa5ff627dd: port 1(veth2273f76) entered blocking state
[Thu Jul 16 11:02:03 2026] br-0baa5ff627dd: port 1(veth2273f76) entered disabled state
[Thu Jul 16 11:02:03 2026] veth2273f76: entered allmulticast mode
[Thu Jul 16 11:02:03 2026] veth2273f76: entered promiscuous mode
[Thu Jul 16 11:02:03 2026] br-0baa5ff627dd: port 2(veth9e321c3) entered blocking state
[Thu Jul 16 11:02:03 2026] br-0baa5ff627dd: port 2(veth9e321c3) entered disabled state
[Thu Jul 16 11:02:03 2026] veth9e321c3: entered allmulticast mode
[Thu Jul 16 11:02:03 2026] veth9e321c3: entered promiscuous mode
[Thu Jul 16 11:02:03 2026] br-0baa5ff627dd: port 3(veth9cf6d0e) entered blocking state
[Thu Jul 16 11:02:03 2026] br-0baa5ff627dd: port 3(veth9cf6d0e) entered disabled state
[Thu Jul 16 11:02:03 2026] veth9cf6d0e: entered allmulticast mode
[Thu Jul 16 11:02:03 2026] veth9cf6d0e: entered promiscuous mode
[Thu Jul 16 11:02:03 2026] br-0baa5ff627dd: port 4(veth68ea60a) entered blocking state
[Thu Jul 16 11:02:03 2026] br-0baa5ff627dd: port 4(veth68ea60a) entered disabled state
[Thu Jul 16 11:02:03 2026] veth68ea60a: entered allmulticast mode
[Thu Jul 16 11:02:03 2026] veth68ea60a: entered promiscuous mode
[Thu Jul 16 11:02:03 2026] eth0: renamed from veth49919b3
[Thu Jul 16 11:02:03 2026] br-0baa5ff627dd: port 1(veth2273f76) entered blocking state
[Thu Jul 16 11:02:03 2026] br-0baa5ff627dd: port 1(veth2273f76) entered forwarding state
[Thu Jul 16 11:02:03 2026] eth0: renamed from vethbf4145f
[Thu Jul 16 11:02:03 2026] eth0: renamed from vetha0e73ce
[Thu Jul 16 11:02:03 2026] br-0baa5ff627dd: port 2(veth9e321c3) entered blocking state
[Thu Jul 16 11:02:03 2026] br-0baa5ff627dd: port 2(veth9e321c3) entered forwarding state
[Thu Jul 16 11:02:03 2026] eth0: renamed from veth7822a7c
[Thu Jul 16 11:02:03 2026] br-0baa5ff627dd: port 4(veth68ea60a) entered blocking state
[Thu Jul 16 11:02:03 2026] br-0baa5ff627dd: port 4(veth68ea60a) entered forwarding state
[Thu Jul 16 11:02:03 2026] br-0baa5ff627dd: port 3(veth9cf6d0e) entered blocking state
[Thu Jul 16 11:02:03 2026] br-0baa5ff627dd: port 3(veth9cf6d0e) entered forwarding state
[Thu Jul 16 11:02:03 2026] eth1: renamed from clab-15438b21
[Thu Jul 16 11:02:03 2026] eth1: renamed from clab-e7fc17b3
[Thu Jul 16 11:02:03 2026] ethred: renamed from clab-be974f38
[Thu Jul 16 11:02:03 2026] eth1: renamed from clab-483d21fa
[Thu Jul 16 11:02:03 2026] ethdefault: renamed from clab-0cc54f50
[Thu Jul 16 11:02:03 2026] eth1: renamed from clab-3701f706
[Thu Jul 16 11:02:03 2026] ethblue: renamed from clab-6f57ff96
[Thu Jul 16 11:02:03 2026] br-0baa5ff627dd: port 5(veth77fe41d) entered blocking state
[Thu Jul 16 11:02:03 2026] br-0baa5ff627dd: port 5(veth77fe41d) entered disabled state
[Thu Jul 16 11:02:03 2026] veth77fe41d: entered allmulticast mode
[Thu Jul 16 11:02:03 2026] veth77fe41d: entered promiscuous mode
[Thu Jul 16 11:02:03 2026] br-0baa5ff627dd: port 6(vethb86b32b) entered blocking state
[Thu Jul 16 11:02:03 2026] br-0baa5ff627dd: port 6(vethb86b32b) entered disabled state
[Thu Jul 16 11:02:03 2026] vethb86b32b: entered allmulticast mode
[Thu Jul 16 11:02:03 2026] vethb86b32b: entered promiscuous mode
[Thu Jul 16 11:02:03 2026] eth0: renamed from veth28c0369
[Thu Jul 16 11:02:03 2026] br-0baa5ff627dd: port 5(veth77fe41d) entered blocking state
[Thu Jul 16 11:02:03 2026] br-0baa5ff627dd: port 5(veth77fe41d) entered forwarding state
[Thu Jul 16 11:02:03 2026] br-0baa5ff627dd: port 7(veth53927bd) entered blocking state
[Thu Jul 16 11:02:03 2026] br-0baa5ff627dd: port 7(veth53927bd) entered disabled state
[Thu Jul 16 11:02:03 2026] veth53927bd: entered allmulticast mode
[Thu Jul 16 11:02:03 2026] veth53927bd: entered promiscuous mode
[Thu Jul 16 11:02:03 2026] eth0: renamed from veth1e04e7b
[Thu Jul 16 11:02:03 2026] br-0baa5ff627dd: port 6(vethb86b32b) entered blocking state
[Thu Jul 16 11:02:03 2026] br-0baa5ff627dd: port 6(vethb86b32b) entered forwarding state
[Thu Jul 16 11:02:03 2026] eth1: renamed from clab-306f32ad
[Thu Jul 16 11:02:03 2026] eth0: renamed from veth8f1c9fe
[Thu Jul 16 11:02:03 2026] br-0baa5ff627dd: port 7(veth53927bd) entered blocking state
[Thu Jul 16 11:02:03 2026] br-0baa5ff627dd: port 7(veth53927bd) entered forwarding state
[Thu Jul 16 11:02:03 2026] ethred: renamed from clab-59638439
[Thu Jul 16 11:02:04 2026] ethblue: renamed from clab-7e8c30c6
[Thu Jul 16 11:02:04 2026] eth1: renamed from clab-bdf2a18c
[Thu Jul 16 11:02:04 2026] eth1: renamed from clab-bf50aebc
[Thu Jul 16 11:02:04 2026] ethred: renamed from clab-312f6f71
[Thu Jul 16 11:02:04 2026] ethblue: renamed from clab-e4a8f072
[Thu Jul 16 11:02:04 2026] br-0baa5ff627dd: port 8(veth4d50094) entered blocking state
[Thu Jul 16 11:02:04 2026] br-0baa5ff627dd: port 8(veth4d50094) entered disabled state
[Thu Jul 16 11:02:04 2026] veth4d50094: entered allmulticast mode
[Thu Jul 16 11:02:04 2026] veth4d50094: entered promiscuous mode
[Thu Jul 16 11:02:04 2026] eth0: renamed from vethcbe91d0
[Thu Jul 16 11:02:04 2026] br-0baa5ff627dd: port 8(veth4d50094) entered blocking state
[Thu Jul 16 11:02:04 2026] br-0baa5ff627dd: port 8(veth4d50094) entered forwarding state
[Thu Jul 16 11:02:04 2026] br-0baa5ff627dd: port 9(vetha1c64e6) entered blocking state
[Thu Jul 16 11:02:04 2026] br-0baa5ff627dd: port 9(vetha1c64e6) entered disabled state
[Thu Jul 16 11:02:04 2026] vetha1c64e6: entered allmulticast mode
[Thu Jul 16 11:02:04 2026] vetha1c64e6: entered promiscuous mode
[Thu Jul 16 11:02:04 2026] eth1: renamed from clab-65980a08
[Thu Jul 16 11:02:04 2026] eth0: renamed from vethabb9a64
[Thu Jul 16 11:02:04 2026] br-0baa5ff627dd: port 9(vetha1c64e6) entered blocking state
[Thu Jul 16 11:02:04 2026] br-0baa5ff627dd: port 9(vetha1c64e6) entered forwarding state
[Thu Jul 16 11:02:04 2026] toswitch2: renamed from clab-3e34779e
[Thu Jul 16 11:02:04 2026] tokindworker: renamed from clab-9bf02a6c
[Thu Jul 16 11:02:04 2026] tokindctrlpl: renamed from clab-213bd777
[Thu Jul 16 11:02:04 2026] leafkind2-sw: port 1(clab-672ba240) entered blocking state
[Thu Jul 16 11:02:04 2026] leafkind2-sw: port 1(clab-672ba240) entered disabled state
[Thu Jul 16 11:02:04 2026] clab-672ba240: entered allmulticast mode
[Thu Jul 16 11:02:04 2026] clab-672ba240: entered promiscuous mode
[Thu Jul 16 11:02:04 2026] leaf2: renamed from clab-672ba240
[Thu Jul 16 11:02:04 2026] leafkind2-sw: port 1(leaf2) entered blocking state
[Thu Jul 16 11:02:04 2026] leafkind2-sw: port 1(leaf2) entered forwarding state
[Thu Jul 16 11:02:04 2026] leafkind2-sw: port 2(clab-87680be0) entered blocking state
[Thu Jul 16 11:02:04 2026] leafkind2-sw: port 2(clab-87680be0) entered disabled state
[Thu Jul 16 11:02:04 2026] clab-87680be0: entered allmulticast mode
[Thu Jul 16 11:02:04 2026] clab-87680be0: entered promiscuous mode
[Thu Jul 16 11:02:04 2026] kindctrlpl2: renamed from clab-87680be0
[Thu Jul 16 11:02:04 2026] leafkind2-sw: port 3(clab-8d711e4f) entered blocking state
[Thu Jul 16 11:02:04 2026] leafkind2-sw: port 3(clab-8d711e4f) entered disabled state
[Thu Jul 16 11:02:04 2026] clab-8d711e4f: entered allmulticast mode
[Thu Jul 16 11:02:04 2026] clab-8d711e4f: entered promiscuous mode
[Thu Jul 16 11:02:04 2026] kindworker2: renamed from clab-8d711e4f
[Thu Jul 16 11:02:04 2026] eth1: renamed from clab-d88aefce
[Thu Jul 16 11:02:05 2026] eth2: renamed from clab-83858b8f
[Thu Jul 16 11:02:05 2026] ethsrv6: renamed from clab-c8b264f3
[Thu Jul 16 11:02:05 2026] eth3: renamed from clab-2d9b8193
[Thu Jul 16 11:02:05 2026] eth4: renamed from clab-4c640657
[Thu Jul 16 11:02:05 2026] br-0baa5ff627dd: port 10(vethfc88ef9) entered blocking state
[Thu Jul 16 11:02:05 2026] br-0baa5ff627dd: port 10(vethfc88ef9) entered disabled state
[Thu Jul 16 11:02:05 2026] vethfc88ef9: entered allmulticast mode
[Thu Jul 16 11:02:05 2026] vethfc88ef9: entered promiscuous mode
[Thu Jul 16 11:02:05 2026] br-0baa5ff627dd: port 11(vethea8ff74) entered blocking state
[Thu Jul 16 11:02:05 2026] br-0baa5ff627dd: port 11(vethea8ff74) entered disabled state
[Thu Jul 16 11:02:05 2026] vethea8ff74: entered allmulticast mode
[Thu Jul 16 11:02:05 2026] vethea8ff74: entered promiscuous mode
[Thu Jul 16 11:02:05 2026] eth0: renamed from vethac2c347
[Thu Jul 16 11:02:05 2026] br-0baa5ff627dd: port 10(vethfc88ef9) entered blocking state
[Thu Jul 16 11:02:05 2026] br-0baa5ff627dd: port 10(vethfc88ef9) entered forwarding state
[Thu Jul 16 11:02:05 2026] eth0: renamed from veth875f186
[Thu Jul 16 11:02:05 2026] br-0baa5ff627dd: port 11(vethea8ff74) entered blocking state
[Thu Jul 16 11:02:05 2026] br-0baa5ff627dd: port 11(vethea8ff74) entered forwarding state
[Thu Jul 16 11:02:05 2026] eth1: renamed from clab-238bfe3d
[Thu Jul 16 11:02:05 2026] toswitch1: renamed from clab-b8b94469
[Thu Jul 16 11:02:05 2026] eth1: renamed from clab-944f6035
[Thu Jul 16 11:02:05 2026] tokindworker: renamed from clab-d5e20f82
[Thu Jul 16 11:02:05 2026] tokindctrlpl: renamed from clab-6077457e
[Thu Jul 16 11:02:08 2026] br-0baa5ff627dd: port 12(veth1d6aa47) entered blocking state
[Thu Jul 16 11:02:08 2026] br-0baa5ff627dd: port 12(veth1d6aa47) entered disabled state
[Thu Jul 16 11:02:08 2026] veth1d6aa47: entered allmulticast mode
[Thu Jul 16 11:02:08 2026] veth1d6aa47: entered promiscuous mode
[Thu Jul 16 11:02:08 2026] br-a6970fc8e869: port 1(vethad9e329) entered blocking state
[Thu Jul 16 11:02:08 2026] br-a6970fc8e869: port 1(vethad9e329) entered disabled state
[Thu Jul 16 11:02:08 2026] vethad9e329: entered allmulticast mode
[Thu Jul 16 11:02:08 2026] vethad9e329: entered promiscuous mode
[Thu Jul 16 11:02:08 2026] br-a6970fc8e869: port 2(vetha318b53) entered blocking state
[Thu Jul 16 11:02:08 2026] br-a6970fc8e869: port 2(vetha318b53) entered disabled state
[Thu Jul 16 11:02:08 2026] vetha318b53: entered allmulticast mode
[Thu Jul 16 11:02:08 2026] vetha318b53: entered promiscuous mode
[Thu Jul 16 11:02:08 2026] eth0: renamed from veth7e3c953
[Thu Jul 16 11:02:08 2026] br-0baa5ff627dd: port 12(veth1d6aa47) entered blocking state
[Thu Jul 16 11:02:08 2026] br-0baa5ff627dd: port 12(veth1d6aa47) entered forwarding state
[Thu Jul 16 11:02:08 2026] eth0: renamed from veth96f7ac2
[Thu Jul 16 11:02:08 2026] br-a6970fc8e869: port 1(vethad9e329) entered blocking state
[Thu Jul 16 11:02:08 2026] br-a6970fc8e869: port 1(vethad9e329) entered forwarding state
[Thu Jul 16 11:02:08 2026] eth0: renamed from vethc8fc996
[Thu Jul 16 11:02:08 2026] br-a6970fc8e869: port 2(vetha318b53) entered blocking state
[Thu Jul 16 11:02:08 2026] br-a6970fc8e869: port 2(vetha318b53) entered forwarding state
[Thu Jul 16 11:02:08 2026] eth1: renamed from clab-1c6a97b4
[Thu Jul 16 11:02:08 2026] leafkind1-sw: port 1(clab-df51ac3e) entered blocking state
[Thu Jul 16 11:02:08 2026] leafkind1-sw: port 1(clab-df51ac3e) entered disabled state
[Thu Jul 16 11:02:08 2026] clab-df51ac3e: entered allmulticast mode
[Thu Jul 16 11:02:08 2026] clab-df51ac3e: entered promiscuous mode
[Thu Jul 16 11:02:08 2026] leaf1: renamed from clab-df51ac3e
[Thu Jul 16 11:02:08 2026] leafkind1-sw: port 1(leaf1) entered blocking state
[Thu Jul 16 11:02:08 2026] leafkind1-sw: port 1(leaf1) entered forwarding state
[Thu Jul 16 11:02:08 2026] leafkind1-sw: port 2(clab-bfcae9e4) entered blocking state
[Thu Jul 16 11:02:08 2026] leafkind1-sw: port 2(clab-bfcae9e4) entered disabled state
[Thu Jul 16 11:02:08 2026] clab-bfcae9e4: entered allmulticast mode
[Thu Jul 16 11:02:08 2026] clab-bfcae9e4: entered promiscuous mode
[Thu Jul 16 11:02:08 2026] kindctrlpl1: renamed from clab-bfcae9e4
[Thu Jul 16 11:02:08 2026] leafkind1-sw: port 3(clab-98ccf51c) entered blocking state
[Thu Jul 16 11:02:08 2026] leafkind1-sw: port 3(clab-98ccf51c) entered disabled state
[Thu Jul 16 11:02:08 2026] clab-98ccf51c: entered allmulticast mode
[Thu Jul 16 11:02:08 2026] clab-98ccf51c: entered promiscuous mode
[Thu Jul 16 11:02:08 2026] kindworker1: renamed from clab-98ccf51c
[Thu Jul 16 11:02:08 2026] br-0baa5ff627dd: port 13(vethc6c5577) entered blocking state
[Thu Jul 16 11:02:08 2026] br-0baa5ff627dd: port 13(vethc6c5577) entered disabled state
[Thu Jul 16 11:02:08 2026] vethc6c5577: entered allmulticast mode
[Thu Jul 16 11:02:08 2026] vethc6c5577: entered promiscuous mode
[Thu Jul 16 11:02:08 2026] eth0: renamed from veth823a32a
[Thu Jul 16 11:02:08 2026] br-0baa5ff627dd: port 13(vethc6c5577) entered blocking state
[Thu Jul 16 11:02:08 2026] br-0baa5ff627dd: port 13(vethc6c5577) entered forwarding state
[Thu Jul 16 11:02:08 2026] eth1: renamed from clab-c531928c
[Thu Jul 16 11:02:08 2026] NET: Registered PF_VSOCK protocol family
[Thu Jul 16 11:02:08 2026] hv_vmbus: registering driver hv_sock
[Thu Jul 16 11:02:08 2026] toleafkind1: renamed from clab-6b970781
[Thu Jul 16 11:02:08 2026] toleafkind2: renamed from clab-a3257d3f
[Thu Jul 16 11:02:08 2026] toswitch1: renamed from clab-7dd829b7
[Thu Jul 16 11:02:08 2026] leafkind1-sw: port 3(kindworker1) entered blocking state
[Thu Jul 16 11:02:08 2026] leafkind1-sw: port 3(kindworker1) entered forwarding state
[Thu Jul 16 11:02:08 2026] toswitch2: renamed from clab-1eacb047
[Thu Jul 16 11:02:08 2026] leafkind2-sw: port 3(kindworker2) entered blocking state
[Thu Jul 16 11:02:08 2026] leafkind2-sw: port 3(kindworker2) entered forwarding state
[Thu Jul 16 11:02:09 2026] systemd-journald[102]: Collecting audit messages is disabled.
[Thu Jul 16 11:02:09 2026] Unsafe core_pattern used with fs.suid_dumpable=2.
                           Pipe handler or fully qualified core dump path required.
                           Set kernel.core_pattern before fs.suid_dumpable.
[Thu Jul 16 11:02:09 2026] Unsafe core_pattern used with fs.suid_dumpable=2.
                           Pipe handler or fully qualified core dump path required.
                           Set kernel.core_pattern before fs.suid_dumpable.
[Thu Jul 16 11:02:09 2026] systemd-journald[101]: Collecting audit messages is disabled.
[Thu Jul 16 11:02:09 2026] systemd-journald[102]: Received client request to flush runtime journal.
[Thu Jul 16 11:02:09 2026] systemd-journald[101]: Received client request to flush runtime journal.
[Thu Jul 16 11:02:10 2026] toleafkind1: renamed from clab-efbdbd56
[Thu Jul 16 11:02:10 2026] toleafkind2: renamed from clab-db977d25
[Thu Jul 16 11:02:10 2026] toswitch1: renamed from clab-bc4cf446
[Thu Jul 16 11:02:10 2026] leafkind1-sw: port 2(kindctrlpl1) entered blocking state
[Thu Jul 16 11:02:10 2026] leafkind1-sw: port 2(kindctrlpl1) entered forwarding state
[Thu Jul 16 11:02:10 2026] toswitch2: renamed from clab-9c2fa637
[Thu Jul 16 11:02:10 2026] leafkind2-sw: port 2(kindctrlpl2) entered blocking state
[Thu Jul 16 11:02:10 2026] leafkind2-sw: port 2(kindctrlpl2) entered forwarding state
[Thu Jul 16 11:02:11 2026] openvswitch: Open vSwitch switching datapath
[Thu Jul 16 11:02:12 2026] workqueue: drm_fb_helper_damage_work hogged CPU for >10000us 16 times, consider switching to WQ_UNBOUND
[Thu Jul 16 11:03:13 2026] br-a6970fc8e869: port 3(veth7726d0a) entered blocking state
[Thu Jul 16 11:03:13 2026] br-a6970fc8e869: port 3(veth7726d0a) entered disabled state
[Thu Jul 16 11:03:13 2026] veth7726d0a: entered allmulticast mode
[Thu Jul 16 11:03:13 2026] veth7726d0a: entered promiscuous mode
[Thu Jul 16 11:03:13 2026] eth1: renamed from vethdf33443
[Thu Jul 16 11:03:13 2026] br-a6970fc8e869: port 3(veth7726d0a) entered blocking state
[Thu Jul 16 11:03:13 2026] br-a6970fc8e869: port 3(veth7726d0a) entered forwarding state
[Thu Jul 16 11:05:01 2026] br100: port 1(vni100) entered blocking state
[Thu Jul 16 11:05:01 2026] br100: port 1(vni100) entered disabled state
[Thu Jul 16 11:05:01 2026] vni100: entered allmulticast mode
[Thu Jul 16 11:05:01 2026] vni100: entered promiscuous mode
[Thu Jul 16 11:05:01 2026] br100: port 1(vni100) entered blocking state
[Thu Jul 16 11:05:01 2026] br100: port 1(vni100) entered forwarding state
[Thu Jul 16 11:05:01 2026] br200: port 1(vni200) entered blocking state
[Thu Jul 16 11:05:01 2026] br200: port 1(vni200) entered disabled state
[Thu Jul 16 11:05:01 2026] vni200: entered allmulticast mode
[Thu Jul 16 11:05:01 2026] vni200: entered promiscuous mode
[Thu Jul 16 11:05:01 2026] br200: port 1(vni200) entered blocking state
[Thu Jul 16 11:05:01 2026] br200: port 1(vni200) entered forwarding state
[Thu Jul 16 11:05:01 2026] br300: port 1(vni300) entered blocking state
[Thu Jul 16 11:05:01 2026] br300: port 1(vni300) entered disabled state
[Thu Jul 16 11:05:01 2026] vni300: entered allmulticast mode
[Thu Jul 16 11:05:01 2026] vni300: entered promiscuous mode
[Thu Jul 16 11:05:01 2026] br300: port 1(vni300) entered blocking state
[Thu Jul 16 11:05:01 2026] br300: port 1(vni300) entered forwarding state
[Thu Jul 16 11:05:01 2026] br100: port 1(vni100) entered blocking state
[Thu Jul 16 11:05:01 2026] br100: port 1(vni100) entered disabled state
[Thu Jul 16 11:05:01 2026] vni100: entered allmulticast mode
[Thu Jul 16 11:05:01 2026] vni100: entered promiscuous mode
[Thu Jul 16 11:05:01 2026] br100: port 1(vni100) entered blocking state
[Thu Jul 16 11:05:01 2026] br100: port 1(vni100) entered forwarding state
[Thu Jul 16 11:05:01 2026] br200: port 1(vni200) entered blocking state
[Thu Jul 16 11:05:01 2026] br200: port 1(vni200) entered disabled state
[Thu Jul 16 11:05:01 2026] vni200: entered allmulticast mode
[Thu Jul 16 11:05:01 2026] vni200: entered promiscuous mode
[Thu Jul 16 11:05:01 2026] br200: port 1(vni200) entered blocking state
[Thu Jul 16 11:05:01 2026] br200: port 1(vni200) entered forwarding state
[Thu Jul 16 11:05:01 2026] br300: port 1(vni300) entered blocking state
[Thu Jul 16 11:05:01 2026] br300: port 1(vni300) entered disabled state
[Thu Jul 16 11:05:01 2026] vni300: entered allmulticast mode
[Thu Jul 16 11:05:01 2026] vni300: entered promiscuous mode
[Thu Jul 16 11:05:01 2026] br300: port 1(vni300) entered blocking state
[Thu Jul 16 11:05:01 2026] br300: port 1(vni300) entered forwarding state
[Thu Jul 16 11:07:35 2026] leafkind1-sw: port 2(kindctrlpl1) entered disabled state
[Thu Jul 16 11:07:35 2026] leafkind1-sw: port 3(kindworker1) entered disabled state
[Thu Jul 16 11:07:35 2026] leafkind1-sw: port 2(kindctrlpl1) entered blocking state
[Thu Jul 16 11:07:35 2026] leafkind1-sw: port 2(kindctrlpl1) entered forwarding state
[Thu Jul 16 11:07:35 2026] leafkind1-sw: port 3(kindworker1) entered blocking state
[Thu Jul 16 11:07:35 2026] leafkind1-sw: port 3(kindworker1) entered forwarding state
[Thu Jul 16 11:07:35 2026] toswitch1: Caught tx_queue_len zero misconfig
[Thu Jul 16 11:07:35 2026] toswitch1: Caught tx_queue_len zero misconfig
[Thu Jul 16 11:07:35 2026] Mirror/redirect action on
[Thu Jul 16 11:07:35 2026] tc mirred to Houston: device tap_toswitch1 is down
[Thu Jul 16 11:07:36 2026] tap_toswitch1: entered allmulticast mode
[Thu Jul 16 11:07:36 2026] toswitch1: entered allmulticast mode
[Thu Jul 16 11:07:36 2026] IPv6: tap_toswitch1: IPv6 duplicate address fe80::a8c1:abff:feff:b469 used by aa:c1:ab:ff:b4:69 detected!
[Thu Jul 16 11:07:36 2026] tc mirred to Houston: device tap_toswitch1 is down
[Thu Jul 16 11:07:36 2026] tap_toswitch1: entered allmulticast mode
[Thu Jul 16 11:07:36 2026] toswitch1: entered allmulticast mode
[Thu Jul 16 11:07:36 2026] IPv6: tap_toswitch1: IPv6 duplicate address fe80::a8c1:abff:fe4f:4c34 used by aa:c1:ab:4f:4c:34 detected!
[Thu Jul 16 11:07:36 2026] leafkind2-sw: port 2(kindctrlpl2) entered disabled state
[Thu Jul 16 11:07:36 2026] leafkind2-sw: port 2(kindctrlpl2) entered blocking state
[Thu Jul 16 11:07:36 2026] leafkind2-sw: port 2(kindctrlpl2) entered forwarding state
[Thu Jul 16 11:07:36 2026] leafkind2-sw: port 3(kindworker2) entered disabled state
[Thu Jul 16 11:07:36 2026] leafkind2-sw: port 3(kindworker2) entered blocking state
[Thu Jul 16 11:07:36 2026] leafkind2-sw: port 3(kindworker2) entered forwarding state
[Thu Jul 16 11:07:36 2026] toswitch2: Caught tx_queue_len zero misconfig
[Thu Jul 16 11:07:36 2026] tap_toswitch2: entered allmulticast mode
[Thu Jul 16 11:07:36 2026] toswitch2: entered allmulticast mode
[Thu Jul 16 11:07:36 2026] toswitch2: Caught tx_queue_len zero misconfig
[Thu Jul 16 11:07:36 2026] tap_toswitch2: entered allmulticast mode
[Thu Jul 16 11:07:36 2026] toswitch2: entered allmulticast mode
[Thu Jul 16 11:07:36 2026] tap_toswitch2: entered allmulticast mode
[Thu Jul 16 11:07:36 2026] ICMPv6: RA: ndisc_router_discovery failed to add default route
[Thu Jul 16 11:07:36 2026] IPv4: martian source 192.168.11.3 from 192.168.11.2, on dev leafkind1-sw
[Thu Jul 16 11:07:36 2026] ll header: 00000000: ff ff ff ff ff ff aa c1 ab c8 85 5f 08 06
[Thu Jul 16 11:07:36 2026] IPv4: martian source 192.168.11.4 from 192.168.11.2, on dev leafkind1-sw
[Thu Jul 16 11:07:36 2026] ll header: 00000000: ff ff ff ff ff ff aa c1 ab c8 85 5f 08 06
[Thu Jul 16 11:07:36 2026] ICMPv6: RA: ndisc_router_discovery failed to add default route
[Thu Jul 16 11:07:37 2026] IPv4: martian source 192.168.12.3 from 192.168.12.3, on dev tap_toswitch2
[Thu Jul 16 11:07:37 2026] ll header: 00000000: ff ff ff ff ff ff aa c1 ab c8 ba 6e 08 06
[Thu Jul 16 11:07:37 2026] IPv4: martian source 192.168.12.3 from 192.168.12.3, on dev leafkind2-sw
[Thu Jul 16 11:07:37 2026] ll header: 00000000: ff ff ff ff ff ff aa c1 ab c8 ba 6e 08 06
[Thu Jul 16 11:07:41 2026] net_ratelimit: 11 callbacks suppressed
[Thu Jul 16 11:07:41 2026] ICMPv6: RA: ndisc_router_discovery failed to add default route
[Thu Jul 16 11:07:44 2026] host-100: entered allmulticast mode
[Thu Jul 16 11:07:44 2026] host-100: entered allmulticast mode
[Thu Jul 16 11:07:45 2026] host-100: entered allmulticast mode
[Thu Jul 16 11:07:45 2026] host-100: entered allmulticast mode
[Thu Jul 16 11:07:46 2026] host-100: entered allmulticast mode
[Thu Jul 16 11:07:46 2026] host-100: entered allmulticast mode
[Thu Jul 16 11:07:47 2026] ICMPv6: RA: ndisc_router_discovery failed to add default route
[Thu Jul 16 11:07:48 2026] ICMPv6: RA: ndisc_router_discovery failed to add default route
[Thu Jul 16 11:07:48 2026] host-100: entered allmulticast mode
[Thu Jul 16 11:07:48 2026] host-100: entered allmulticast mode
[Thu Jul 16 11:07:49 2026] ICMPv6: RA: ndisc_router_discovery failed to add default route
[Thu Jul 16 11:07:49 2026] ICMPv6: RA: ndisc_router_discovery failed to add default route
[Thu Jul 16 11:07:49 2026] host-100: entered allmulticast mode
[Thu Jul 16 11:07:49 2026] host-100: entered allmulticast mode
[Thu Jul 16 11:07:50 2026] host-100: entered allmulticast mode
[Thu Jul 16 11:07:50 2026] host-100: entered allmulticast mode
[Thu Jul 16 11:07:51 2026] host-100: entered allmulticast mode
[Thu Jul 16 11:07:52 2026] host-100: entered allmulticast mode
[Thu Jul 16 11:07:52 2026] host-100: entered allmulticast mode
[Thu Jul 16 11:07:53 2026] host-100: entered allmulticast mode
[Thu Jul 16 11:07:53 2026] host-100: entered allmulticast mode
[Thu Jul 16 11:07:54 2026] host-100: entered allmulticast mode
[Thu Jul 16 11:07:54 2026] host-100: entered allmulticast mode
[Thu Jul 16 11:07:55 2026] host-100: entered allmulticast mode
[Thu Jul 16 11:07:55 2026] host-100: entered allmulticast mode
[Thu Jul 16 11:07:56 2026] host-100: entered allmulticast mode
[Thu Jul 16 11:07:56 2026] host-100: entered allmulticast mode
[Thu Jul 16 11:07:57 2026] host-100: entered allmulticast mode
[Thu Jul 16 11:07:57 2026] host-100: entered allmulticast mode
[Thu Jul 16 11:07:58 2026] host-100: entered allmulticast mode
[Thu Jul 16 11:07:58 2026] host-100: entered allmulticast mode
[Thu Jul 16 11:07:59 2026] host-100: entered allmulticast mode
[Thu Jul 16 11:07:59 2026] host-100: entered allmulticast mode
[Thu Jul 16 11:08:00 2026] host-100: entered allmulticast mode
[Thu Jul 16 11:08:00 2026] host-100: entered allmulticast mode
[Thu Jul 16 11:08:01 2026] host-100: entered allmulticast mode
[Thu Jul 16 11:08:01 2026] host-100: entered allmulticast mode
[Thu Jul 16 11:08:02 2026] host-100: entered allmulticast mode
[Thu Jul 16 11:08:02 2026] ICMPv6: RA: ndisc_router_discovery failed to add default route
[Thu Jul 16 11:08:03 2026] host-100: entered allmulticast mode
[Thu Jul 16 11:08:03 2026] host-100: entered allmulticast mode
[Thu Jul 16 11:08:04 2026] host-100: entered allmulticast mode
[Thu Jul 16 11:08:04 2026] host-100: entered allmulticast mode
[Thu Jul 16 11:08:04 2026] ICMPv6: RA: ndisc_router_discovery failed to add default route
[Thu Jul 16 11:08:05 2026] host-100: entered allmulticast mode
[Thu Jul 16 11:08:05 2026] ICMPv6: RA: ndisc_router_discovery failed to add default route
[Thu Jul 16 11:08:05 2026] host-100: entered allmulticast mode
[Thu Jul 16 11:08:06 2026] host-100: entered allmulticast mode
[Thu Jul 16 11:08:06 2026] host-100: entered allmulticast mode
[Thu Jul 16 11:08:07 2026] ICMPv6: RA: ndisc_router_discovery failed to add default route
[Thu Jul 16 11:08:07 2026] host-100: entered allmulticast mode
[Thu Jul 16 11:08:07 2026] host-100: entered allmulticast mode
[Thu Jul 16 11:08:08 2026] host-100: entered allmulticast mode
[Thu Jul 16 11:08:08 2026] host-100: entered allmulticast mode
[Thu Jul 16 11:08:09 2026] host-100: entered allmulticast mode
[Thu Jul 16 11:08:09 2026] host-100: entered allmulticast mode
[Thu Jul 16 11:08:10 2026] host-100: entered allmulticast mode
[Thu Jul 16 11:08:10 2026] host-100: entered allmulticast mode
[Thu Jul 16 11:08:11 2026] host-100: entered allmulticast mode
[Thu Jul 16 11:08:11 2026] host-100: entered allmulticast mode
[Thu Jul 16 11:08:12 2026] host-100: entered allmulticast mode
[Thu Jul 16 11:08:12 2026] host-100: entered allmulticast mode
[Thu Jul 16 11:08:13 2026] host-100: entered allmulticast mode
[Thu Jul 16 11:08:13 2026] host-100: entered allmulticast mode
[Thu Jul 16 11:08:14 2026] host-100: entered allmulticast mode
[Thu Jul 16 11:08:15 2026] host-100: entered allmulticast mode
[Thu Jul 16 11:08:15 2026] host-100: entered allmulticast mode
[Thu Jul 16 11:08:16 2026] host-100: entered allmulticast mode
[Thu Jul 16 11:08:16 2026] host-100: entered allmulticast mode
[Thu Jul 16 11:08:17 2026] host-100: entered allmulticast mode
[Thu Jul 16 11:08:17 2026] host-100: entered allmulticast mode
[Thu Jul 16 11:08:18 2026] host-100: entered allmulticast mode
[Thu Jul 16 11:08:19 2026] host-100: entered allmulticast mode
[Thu Jul 16 11:08:19 2026] host-100: entered allmulticast mode
[Thu Jul 16 11:08:20 2026] host-100: entered allmulticast mode
[Thu Jul 16 11:08:20 2026] host-100: entered allmulticast mode
[Thu Jul 16 11:08:21 2026] host-100: entered allmulticast mode
[Thu Jul 16 11:08:21 2026] host-100: entered allmulticast mode
[Thu Jul 16 11:08:22 2026] host-100: entered allmulticast mode
[Thu Jul 16 11:08:22 2026] host-100: entered allmulticast mode
[Thu Jul 16 11:08:23 2026] host-100: entered allmulticast mode
[Thu Jul 16 11:08:23 2026] host-100: entered allmulticast mode
[Thu Jul 16 11:08:24 2026] host-100: entered allmulticast mode
[Thu Jul 16 11:08:24 2026] host-100: entered allmulticast mode
[Thu Jul 16 11:08:25 2026] host-100: entered allmulticast mode
[Thu Jul 16 11:08:25 2026] host-100: entered allmulticast mode
[Thu Jul 16 11:08:26 2026] host-100: entered allmulticast mode
[Thu Jul 16 11:08:26 2026] host-100: entered allmulticast mode
[Thu Jul 16 11:08:27 2026] host-100: entered allmulticast mode
[Thu Jul 16 11:08:27 2026] host-100: entered allmulticast mode
[Thu Jul 16 11:08:28 2026] host-100: entered allmulticast mode
[Thu Jul 16 11:08:28 2026] host-100: entered allmulticast mode
[Thu Jul 16 11:08:29 2026] host-100: entered allmulticast mode
[Thu Jul 16 11:08:29 2026] host-100: entered allmulticast mode
[Thu Jul 16 11:08:30 2026] host-100: entered allmulticast mode
[Thu Jul 16 11:08:30 2026] host-100: entered allmulticast mode
[Thu Jul 16 11:08:31 2026] host-100: entered allmulticast mode
[Thu Jul 16 11:08:31 2026] host-100: entered allmulticast mode
[Thu Jul 16 11:08:32 2026] host-100: entered allmulticast mode
[Thu Jul 16 11:08:32 2026] ICMPv6: RA: ndisc_router_discovery failed to add default route
[Thu Jul 16 11:08:32 2026] host-100: entered allmulticast mode
[Thu Jul 16 11:08:33 2026] host-100: entered allmulticast mode
[Thu Jul 16 11:08:33 2026] host-100: entered allmulticast mode
[Thu Jul 16 11:08:34 2026] host-100: entered allmulticast mode
[Thu Jul 16 11:08:34 2026] host-100: entered allmulticast mode
[Thu Jul 16 11:08:35 2026] ICMPv6: RA: ndisc_router_discovery failed to add default route
[Thu Jul 16 11:08:35 2026] host-100: entered allmulticast mode
[Thu Jul 16 11:08:35 2026] host-100: entered allmulticast mode
[Thu Jul 16 11:08:36 2026] host-100: entered allmulticast mode
[Thu Jul 16 11:08:36 2026] host-100: entered allmulticast mode
[Thu Jul 16 11:08:37 2026] host-100: entered allmulticast mode
[Thu Jul 16 11:08:37 2026] host-100: entered allmulticast mode
[Thu Jul 16 11:08:38 2026] host-100: entered allmulticast mode
[Thu Jul 16 11:08:38 2026] host-100: entered allmulticast mode
[Thu Jul 16 11:08:39 2026] host-100: entered allmulticast mode
[Thu Jul 16 11:08:39 2026] host-100: entered allmulticast mode
[Thu Jul 16 11:08:40 2026] ICMPv6: RA: ndisc_router_discovery failed to add default route
[Thu Jul 16 11:08:40 2026] host-100: entered allmulticast mode
[Thu Jul 16 11:08:40 2026] host-100: entered allmulticast mode
[Thu Jul 16 11:08:41 2026] host-100: entered allmulticast mode
[Thu Jul 16 11:08:41 2026] host-100: entered allmulticast mode
[Thu Jul 16 11:08:42 2026] host-100: entered allmulticast mode
[Thu Jul 16 11:08:42 2026] host-100: entered allmulticast mode
[Thu Jul 16 11:08:43 2026] host-100: entered allmulticast mode
[Thu Jul 16 11:08:43 2026] host-100: entered allmulticast mode
[Thu Jul 16 11:08:44 2026] ICMPv6: RA: ndisc_router_discovery failed to add default route
[Thu Jul 16 11:08:44 2026] host-100: entered allmulticast mode
[Thu Jul 16 11:08:44 2026] host-100: entered allmulticast mode
[Thu Jul 16 11:08:45 2026] host-100: entered allmulticast mode
[Thu Jul 16 11:08:45 2026] host-100: entered allmulticast mode
[Thu Jul 16 11:08:46 2026] host-100: entered allmulticast mode
[Thu Jul 16 11:08:46 2026] host-100: entered allmulticast mode
[Thu Jul 16 11:08:47 2026] host-100: entered allmulticast mode
[Thu Jul 16 11:08:47 2026] host-100: entered allmulticast mode
[Thu Jul 16 11:08:48 2026] host-100: entered allmulticast mode
[Thu Jul 16 11:08:48 2026] host-100: entered allmulticast mode
[Thu Jul 16 11:08:49 2026] host-100: entered allmulticast mode
[Thu Jul 16 11:08:49 2026] host-100: entered allmulticast mode
[Thu Jul 16 11:08:51 2026] host-100: entered allmulticast mode
[Thu Jul 16 11:08:51 2026] host-100: entered allmulticast mode
[Thu Jul 16 11:08:52 2026] host-100: entered allmulticast mode
[Thu Jul 16 11:08:52 2026] host-100: entered allmulticast mode
[Thu Jul 16 11:08:53 2026] host-100: entered allmulticast mode
[Thu Jul 16 11:08:53 2026] host-100: entered allmulticast mode
[Thu Jul 16 11:08:54 2026] host-100: entered allmulticast mode
[Thu Jul 16 11:08:54 2026] host-100: entered allmulticast mode
[Thu Jul 16 11:08:55 2026] host-100: entered allmulticast mode
[Thu Jul 16 11:08:55 2026] host-100: entered allmulticast mode
[Thu Jul 16 11:08:56 2026] host-100: entered allmulticast mode
[Thu Jul 16 11:08:56 2026] host-100: entered allmulticast mode
[Thu Jul 16 11:08:57 2026] host-100: entered allmulticast mode
[Thu Jul 16 11:08:57 2026] host-100: entered allmulticast mode
[Thu Jul 16 11:08:58 2026] host-100: entered allmulticast mode
[Thu Jul 16 11:08:58 2026] host-100: entered allmulticast mode
[Thu Jul 16 11:08:59 2026] host-100: entered allmulticast mode
[Thu Jul 16 11:08:59 2026] host-100: entered allmulticast mode
[Thu Jul 16 11:09:00 2026] host-100: entered allmulticast mode
[Thu Jul 16 11:09:00 2026] host-100: entered allmulticast mode
[Thu Jul 16 11:09:01 2026] host-100: entered allmulticast mode
[Thu Jul 16 11:09:01 2026] host-100: entered allmulticast mode
[Thu Jul 16 11:09:02 2026] host-100: entered allmulticast mode
[Thu Jul 16 11:09:02 2026] host-100: entered allmulticast mode
[Thu Jul 16 11:09:03 2026] host-100: entered allmulticast mode
[Thu Jul 16 11:09:03 2026] host-100: entered allmulticast mode
[Thu Jul 16 11:09:04 2026] host-100: entered allmulticast mode
[Thu Jul 16 11:09:04 2026] host-100: entered allmulticast mode
[Thu Jul 16 11:09:05 2026] host-100: entered allmulticast mode
[Thu Jul 16 11:09:05 2026] host-100: entered allmulticast mode
[Thu Jul 16 11:09:06 2026] host-100: entered allmulticast mode
[Thu Jul 16 11:09:06 2026] host-100: entered allmulticast mode
[Thu Jul 16 11:09:07 2026] host-100: entered allmulticast mode
[Thu Jul 16 11:09:07 2026] host-100: entered allmulticast mode
[Thu Jul 16 11:09:08 2026] host-100: entered allmulticast mode
[Thu Jul 16 11:09:08 2026] host-100: entered allmulticast mode
[Thu Jul 16 11:09:09 2026] host-100: entered allmulticast mode
[Thu Jul 16 11:09:09 2026] host-100: entered allmulticast mode
[Thu Jul 16 11:09:10 2026] host-100: entered allmulticast mode
[Thu Jul 16 11:09:11 2026] host-100: entered allmulticast mode
[Thu Jul 16 11:09:31 2026] host-100: entered allmulticast mode
[Thu Jul 16 11:09:32 2026] host-100: entered allmulticast mode
[Thu Jul 16 11:09:33 2026] host-100: entered allmulticast mode
[Thu Jul 16 11:09:33 2026] ICMPv6: RA: ndisc_router_discovery failed to add default route
[Thu Jul 16 11:09:33 2026] ICMPv6: RA: ndisc_router_discovery failed to add default route
[Thu Jul 16 11:09:34 2026] host-100: entered allmulticast mode
[Thu Jul 16 11:09:34 2026] host-100: entered allmulticast mode
[Thu Jul 16 11:09:35 2026] host-100: entered allmulticast mode
[Thu Jul 16 11:09:35 2026] host-100: entered allmulticast mode
[Thu Jul 16 11:09:36 2026] host-100: entered allmulticast mode
[Thu Jul 16 11:09:36 2026] host-100: entered allmulticast mode
[Thu Jul 16 11:09:37 2026] host-100: entered allmulticast mode
[Thu Jul 16 11:09:37 2026] host-100: entered allmulticast mode
[Thu Jul 16 11:09:38 2026] host-100: entered allmulticast mode
[Thu Jul 16 11:09:38 2026] host-100: entered allmulticast mode
[Thu Jul 16 11:09:39 2026] host-100: entered allmulticast mode
[Thu Jul 16 11:09:39 2026] host-100: entered allmulticast mode
[Thu Jul 16 11:09:40 2026] host-100: entered allmulticast mode
[Thu Jul 16 11:09:40 2026] host-100: entered allmulticast mode
[Thu Jul 16 11:09:41 2026] host-100: entered allmulticast mode
[Thu Jul 16 11:09:41 2026] host-100: entered allmulticast mode
[Thu Jul 16 11:09:42 2026] host-100: entered allmulticast mode
[Thu Jul 16 11:09:42 2026] host-100: entered allmulticast mode
[Thu Jul 16 11:09:43 2026] host-100: entered allmulticast mode
[Thu Jul 16 11:09:43 2026] host-100: entered allmulticast mode
[Thu Jul 16 11:09:44 2026] host-100: entered allmulticast mode
[Thu Jul 16 11:09:44 2026] host-100: entered allmulticast mode
[Thu Jul 16 11:09:45 2026] host-100: entered allmulticast mode
[Thu Jul 16 11:09:45 2026] host-100: entered allmulticast mode
[Thu Jul 16 11:09:46 2026] host-100: entered allmulticast mode
[Thu Jul 16 11:09:46 2026] host-100: entered allmulticast mode
[Thu Jul 16 11:09:47 2026] host-100: entered allmulticast mode
[Thu Jul 16 11:09:47 2026] host-100: entered allmulticast mode
[Thu Jul 16 11:09:48 2026] host-100: entered allmulticast mode
[Thu Jul 16 11:09:48 2026] host-100: entered allmulticast mode
[Thu Jul 16 11:09:49 2026] host-100: entered allmulticast mode
[Thu Jul 16 11:09:50 2026] host-100: entered allmulticast mode
[Thu Jul 16 11:09:50 2026] ICMPv6: RA: ndisc_router_discovery failed to add default route
[Thu Jul 16 11:09:50 2026] host-100: entered allmulticast mode
[Thu Jul 16 11:09:51 2026] host-100: entered allmulticast mode
[Thu Jul 16 11:09:51 2026] host-100: entered allmulticast mode
[Thu Jul 16 11:09:51 2026] host-100: entered allmulticast mode
[Thu Jul 16 11:09:52 2026] host-100: entered allmulticast mode
[Thu Jul 16 11:09:53 2026] host-100: entered allmulticast mode
[Thu Jul 16 11:09:53 2026] host-100: entered allmulticast mode
[Thu Jul 16 11:09:54 2026] host-100: entered allmulticast mode
[Thu Jul 16 11:09:54 2026] ICMPv6: RA: ndisc_router_discovery failed to add default route
[Thu Jul 16 11:09:54 2026] host-100: entered allmulticast mode
[Thu Jul 16 11:09:55 2026] host-100: entered allmulticast mode
[Thu Jul 16 11:09:55 2026] host-100: entered allmulticast mode
[Thu Jul 16 11:09:56 2026] host-100: entered allmulticast mode
[Thu Jul 16 11:09:56 2026] host-100: entered allmulticast mode
[Thu Jul 16 11:09:57 2026] host-100: entered allmulticast mode
[Thu Jul 16 11:09:57 2026] host-100: entered allmulticast mode
[Thu Jul 16 11:09:58 2026] host-100: entered allmulticast mode
[Thu Jul 16 11:09:58 2026] host-100: entered allmulticast mode
[Thu Jul 16 11:09:59 2026] host-100: entered allmulticast mode
[Thu Jul 16 11:09:59 2026] host-100: entered allmulticast mode
[Thu Jul 16 11:10:00 2026] host-100: entered allmulticast mode
[Thu Jul 16 11:10:00 2026] host-100: entered allmulticast mode
[Thu Jul 16 11:10:01 2026] host-100: entered allmulticast mode
[Thu Jul 16 11:10:01 2026] host-100: entered allmulticast mode
[Thu Jul 16 11:10:02 2026] host-100: entered allmulticast mode
[Thu Jul 16 11:10:02 2026] host-100: entered allmulticast mode
[Thu Jul 16 11:10:03 2026] host-100: entered allmulticast mode
[Thu Jul 16 11:10:03 2026] host-100: entered allmulticast mode
[Thu Jul 16 11:10:04 2026] host-100: entered allmulticast mode
[Thu Jul 16 11:10:05 2026] host-100: entered allmulticast mode
[Thu Jul 16 11:10:05 2026] host-100: entered allmulticast mode
[Thu Jul 16 11:10:06 2026] host-100: entered allmulticast mode
[Thu Jul 16 11:10:06 2026] host-100: entered allmulticast mode
[Thu Jul 16 11:10:07 2026] host-100: entered allmulticast mode
[Thu Jul 16 11:10:07 2026] host-100: entered allmulticast mode
[Thu Jul 16 11:10:08 2026] host-100: entered allmulticast mode
[Thu Jul 16 11:10:08 2026] host-100: entered allmulticast mode
[Thu Jul 16 11:10:09 2026] host-100: entered allmulticast mode
[Thu Jul 16 11:10:09 2026] host-100: entered allmulticast mode
[Thu Jul 16 11:10:10 2026] host-100: entered allmulticast mode
[Thu Jul 16 11:10:10 2026] host-100: entered allmulticast mode
[Thu Jul 16 11:10:11 2026] host-100: entered allmulticast mode
[Thu Jul 16 11:10:11 2026] host-100: entered allmulticast mode
[Thu Jul 16 11:10:12 2026] host-100: entered allmulticast mode
[Thu Jul 16 11:10:12 2026] host-100: entered allmulticast mode
[Thu Jul 16 11:10:13 2026] host-100: entered allmulticast mode
[Thu Jul 16 11:10:13 2026] host-100: entered allmulticast mode
[Thu Jul 16 11:10:14 2026] host-100: entered allmulticast mode
[Thu Jul 16 11:10:14 2026] host-100: entered allmulticast mode
[Thu Jul 16 11:10:15 2026] host-100: entered allmulticast mode
[Thu Jul 16 11:10:15 2026] host-100: entered allmulticast mode
[Thu Jul 16 11:10:16 2026] host-100: entered allmulticast mode
[Thu Jul 16 11:10:16 2026] host-100: entered allmulticast mode
[Thu Jul 16 11:10:17 2026] host-100: entered allmulticast mode
[Thu Jul 16 11:10:17 2026] host-100: entered allmulticast mode
[Thu Jul 16 11:10:18 2026] host-100: entered allmulticast mode
[Thu Jul 16 11:10:18 2026] host-100: entered allmulticast mode
[Thu Jul 16 11:10:19 2026] host-100: entered allmulticast mode
[Thu Jul 16 11:10:19 2026] host-100: entered allmulticast mode
[Thu Jul 16 11:10:20 2026] host-100: entered allmulticast mode
[Thu Jul 16 11:10:20 2026] host-100: entered allmulticast mode
[Thu Jul 16 11:10:21 2026] host-100: entered allmulticast mode
[Thu Jul 16 11:10:21 2026] host-100: entered allmulticast mode
[Thu Jul 16 11:10:22 2026] host-100: entered allmulticast mode
[Thu Jul 16 11:10:22 2026] host-100: entered allmulticast mode
[Thu Jul 16 11:10:23 2026] host-100: entered allmulticast mode
[Thu Jul 16 11:10:24 2026] host-100: entered allmulticast mode
[Thu Jul 16 11:10:24 2026] host-100: entered allmulticast mode
[Thu Jul 16 11:10:25 2026] host-100: entered allmulticast mode
[Thu Jul 16 11:10:26 2026] host-100: entered allmulticast mode
[Thu Jul 16 11:10:54 2026] host-100: entered allmulticast mode
[Thu Jul 16 11:10:55 2026] host-100: entered allmulticast mode
[Thu Jul 16 11:10:56 2026] host-100: entered allmulticast mode
[Thu Jul 16 11:10:56 2026] host-100: entered allmulticast mode
[Thu Jul 16 11:10:56 2026] host-100: entered allmulticast mode
[Thu Jul 16 11:10:58 2026] host-100: entered allmulticast mode
[Thu Jul 16 11:10:58 2026] host-100: entered allmulticast mode
[Thu Jul 16 11:10:59 2026] host-100: entered allmulticast mode
[Thu Jul 16 11:10:59 2026] host-100: entered allmulticast mode
[Thu Jul 16 11:10:59 2026] host-100: entered allmulticast mode
[Thu Jul 16 11:11:00 2026] host-100: entered allmulticast mode
[Thu Jul 16 11:11:00 2026] host-100: entered allmulticast mode
[Thu Jul 16 11:11:01 2026] host-100: entered allmulticast mode
[Thu Jul 16 11:11:01 2026] host-100: entered allmulticast mode
[Thu Jul 16 11:11:02 2026] host-100: entered allmulticast mode
[Thu Jul 16 11:11:02 2026] host-100: entered allmulticast mode
[Thu Jul 16 11:11:03 2026] host-100: entered allmulticast mode
[Thu Jul 16 11:11:03 2026] host-100: entered allmulticast mode
[Thu Jul 16 11:11:04 2026] host-100: entered allmulticast mode
[Thu Jul 16 11:11:04 2026] host-100: entered allmulticast mode
[Thu Jul 16 11:11:05 2026] host-100: entered allmulticast mode
[Thu Jul 16 11:11:06 2026] host-100: entered allmulticast mode
[Thu Jul 16 11:11:06 2026] host-100: entered allmulticast mode
[Thu Jul 16 11:11:07 2026] host-100: entered allmulticast mode
[Thu Jul 16 11:11:07 2026] host-100: entered allmulticast mode
[Thu Jul 16 11:11:08 2026] host-100: entered allmulticast mode
[Thu Jul 16 11:11:08 2026] host-100: entered allmulticast mode
[Thu Jul 16 11:11:08 2026] host-100: entered allmulticast mode
[Thu Jul 16 11:11:09 2026] host-100: entered allmulticast mode
[Thu Jul 16 11:11:09 2026] host-100: entered allmulticast mode
